
Log started (V22.1.1.0) Wed May 20 09:27:28 2026


Problem 'C:\Users\ClimateLeadGroup\Desktop\CLG_repositories\OSTRAM\t1_confection\Executables\C_Target_VRE_0\Pre_processed_C_Target_VRE_0_NoStorage_OpenBCK_RMCarefulXLSX_output.lp' read.
Read time = 5.34 sec. (99.98 ticks)
New value for default parallel thread count: 4
New value for seed to initialize the random number generator: 12345
New value for parallel optimization mode: 1
Version identifier: 22.1.1.0 | 2022-11-27 | 9160aff4d
CPXPARAM_Threads                                 4
CPXPARAM_Parallel                                1
CPXPARAM_RandomSeed                              12345
Parallel mode: deterministic, using up to 4 threads for concurrent optimization:
 * Starting dual Simplex on 1 thread...
 * Starting Barrier on 3 threads...
Implied bounds make row 'AAC3_TotalAnnualTechnologyActivityLowerLimit(GLOBAL,PWRSPVBGDXX,2030)' infeasible.
Presolve time = 0.36 sec. (357.60 ticks)
Presolve - Infeasible.
Solution time =    0.52 sec.
Deterministic time = 483.72 ticks  (937.45 ticks/sec)
Version identifier: 22.1.1.0 | 2022-11-27 | 9160aff4d
CPXPARAM_Threads                                 4
CPXPARAM_Parallel                                1
CPXPARAM_RandomSeed                              12345
Parallel mode: deterministic, using up to 4 threads for concurrent optimization:
 * Starting dual Simplex on 1 thread...
 * Starting Barrier on 3 threads...
Tried aggregator 1 time.
LP Presolve eliminated 554259 rows and 895710 columns.
Aggregator did 27966 substitutions.
Reduced LP has 181979 rows, 279008 columns, and 3555366 nonzeros.
Presolve time = 10.17 sec. (9038.75 ticks)

Iteration log . . .
Iteration:     1   Dual objective     =             0.000000
Perturbation started.
Iteration:   101   Dual objective     =             0.000000
Iteration:   938   Dual objective     =             0.113548
Iteration:  1828   Dual objective     =             0.390239
Iteration:  2869   Dual objective     =             0.578840
Iteration:  3927   Dual objective     =             0.769856
Iteration:  4945   Dual objective     =             0.958186
Iteration:  6151   Dual objective     =             1.182073
Elapsed time = 13.61 sec. (10000.63 ticks, 6958 iterations)
Iteration:  7167   Dual objective     =             1.332715
Iteration:  7884   Dual objective     =             1.454712
Iteration:  9099   Dual objective     =             1.693843
Iteration: 10402   Dual objective     =             1.895331
Iteration: 11228   Dual objective     =             1.988271
Iteration: 12437   Dual objective     =             2.146596
Iteration: 13567   Dual objective     =             2.311236
Iteration: 14342   Dual objective     =             2.379161
Iteration: 16002   Dual objective     =             2.555098
Iteration: 16774   Dual objective     =             2.611743
Iteration: 18279   Dual objective     =             2.716704
Iteration: 19621   Dual objective     =             2.829734
Iteration: 20648   Dual objective     =             2.910147
Iteration: 22370   Dual objective     =           216.382831
Iteration: 23952   Dual objective     =           216.480565
Iteration: 25013   Dual objective     =           216.527366
Iteration: 26466   Dual objective     =           216.601221
Iteration: 27673   Dual objective     =           216.649233
Iteration: 29007   Dual objective     =           216.695930
Iteration: 29805   Dual objective     =           216.724995
Iteration: 31241   Dual objective     =           250.490761
Iteration: 32630   Dual objective     =           250.535108
Iteration: 33917   Dual objective     =           289.662347
Iteration: 34802   Dual objective     =           289.701025
Iteration: 36556   Dual objective     =           289.759475
Iteration: 37545   Dual objective     =           289.797703
Iteration: 38748   Dual objective     =           289.845607
Iteration: 39509   Dual objective     =           289.890315
Iteration: 40849   Dual objective     =           289.949198
Iteration: 42049   Dual objective     =           290.000239
Iteration: 43200   Dual objective     =           290.038236
Iteration: 44315   Dual objective     =           369.781731
Iteration: 45699   Dual objective     =           369.826681
Iteration: 47215   Dual objective     =           374.333916
Iteration: 48218   Dual objective     =           374.363485
Iteration: 49140   Dual objective     =           374.402131
Iteration: 50176   Dual objective     =           376.030302
Iteration: 51200   Dual objective     =           376.058683
Iteration: 52412   Dual objective     =           376.098144
Iteration: 53482   Dual objective     =           376.136737
Iteration: 54726   Dual objective     =           376.171331
Iteration: 55647   Dual objective     =           376.205558
Iteration: 57229   Dual objective     =           376.260186
Iteration: 58366   Dual objective     =           376.294655
Iteration: 59556   Dual objective     =           376.340650
Iteration: 60618   Dual objective     =           376.386687
Iteration: 61618   Dual objective     =           376.419572
Iteration: 62538   Dual objective     =           376.446189
Iteration: 63421   Dual objective     =           376.470027
Iteration: 64125   Dual objective     =           376.491520
Iteration: 64740   Dual objective     =           376.522029
Iteration: 65428   Dual objective     =           387.660753
Iteration: 66085   Dual objective     =           387.683449
Elapsed time = 42.44 sec. (20000.63 ticks, 66287 iterations)
Iteration: 66726   Dual objective     =           387.719602
Iteration: 67345   Dual objective     =           387.747780
Iteration: 67958   Dual objective     =           387.772460
Iteration: 68834   Dual objective     =           387.798253
Iteration: 69487   Dual objective     =           387.820215
Iteration: 70052   Dual objective     =           387.840053
Iteration: 70609   Dual objective     =           387.872711
Iteration: 71183   Dual objective     =           387.897817
Iteration: 71734   Dual objective     =           387.920987
Elapsed time = 89.91 sec. (30002.00 ticks, 71989 iterations)
Iteration: 72350   Dual objective     =           395.945978
Iteration: 72880   Dual objective     =           395.968938
Iteration: 73507   Dual objective     =           395.990275
Iteration: 74243   Dual objective     =           396.298168
Iteration: 74878   Dual objective     =           396.322691
Iteration: 75481   Dual objective     =           396.357822
Iteration: 76093   Dual objective     =           396.382156
Iteration: 76662   Dual objective     =           396.410029
Elapsed time = 156.78 sec. (40002.73 ticks, 76920 iterations)
Iteration: 77198   Dual objective     =           396.431481
Iteration: 77769   Dual objective     =           396.465656
Iteration: 78323   Dual objective     =           396.496113
Iteration: 78942   Dual objective     =           396.522898
Iteration: 79480   Dual objective     =           396.549732
Iteration: 80053   Dual objective     =           396.585490
Iteration: 80571   Dual objective     =           396.907721
Elapsed time = 219.56 sec. (50004.44 ticks, 80604 iterations)
Iteration: 81108   Dual objective     =           396.938788
Iteration: 81649   Dual objective     =           396.964710
Iteration: 82248   Dual objective     =           396.992902
Iteration: 82735   Dual objective     =           397.022416
Iteration: 83222   Dual objective     =           397.044921
Iteration: 83760   Dual objective     =           397.083335
Elapsed time = 284.38 sec. (60006.56 ticks, 84088 iterations)
Iteration: 84296   Dual objective     =           397.115377
Iteration: 84824   Dual objective     =           397.142377
Iteration: 85339   Dual objective     =           397.164821
Iteration: 85836   Dual objective     =           397.189735
Iteration: 86368   Dual objective     =           397.506727
Iteration: 86887   Dual objective     =           397.529833
Elapsed time = 352.91 sec. (70008.24 ticks, 87073 iterations)
Iteration: 87467   Dual objective     =           397.562990
Iteration: 87985   Dual objective     =           397.595191
Iteration: 88452   Dual objective     =           397.617197
Iteration: 88992   Dual objective     =           397.657922
Iteration: 89521   Dual objective     =           397.684457
Elapsed time = 403.41 sec. (80011.06 ticks, 90014 iterations)
Iteration: 90021   Dual objective     =           397.710633
Iteration: 90521   Dual objective     =           397.734707
Iteration: 91045   Dual objective     =           397.757131
Iteration: 91548   Dual objective     =           397.783158
Iteration: 92024   Dual objective     =           397.803320
Elapsed time = 449.47 sec. (90081.35 ticks, 92504 iterations)
Iteration: 92504   Dual objective     =           397.835213
Iteration: 92998   Dual objective     =           397.868666
Iteration: 93509   Dual objective     =           397.892507
Iteration: 94024   Dual objective     =           397.912652
Iteration: 94514   Dual objective     =           397.932552
Elapsed time = 490.66 sec. (100096.55 ticks, 95015 iterations)
Iteration: 95015   Dual objective     =           397.975236
Iteration: 95528   Dual objective     =           397.993745
Iteration: 96026   Dual objective     =           398.014605
Iteration: 96538   Dual objective     =           398.032753
Iteration: 97041   Dual objective     =           398.057034
Iteration: 97560   Dual objective     =           398.082815
Elapsed time = 542.78 sec. (110096.99 ticks, 97627 iterations)
Iteration: 98079   Dual objective     =           398.112978
Iteration: 98580   Dual objective     =           398.142215
Iteration: 99297   Dual objective     =           398.164832
Iteration: 99821   Dual objective     =           398.196418
Iteration: 100334   Dual objective     =           398.241352
Elapsed time = 587.81 sec. (120098.21 ticks, 100444 iterations)
Iteration: 100828   Dual objective     =           398.269541
Iteration: 101285   Dual objective     =           398.292565
Iteration: 101776   Dual objective     =           398.315736
Iteration: 102305   Dual objective     =           398.337628
Iteration: 102818   Dual objective     =           398.359687
Elapsed time = 635.78 sec. (130100.18 ticks, 102847 iterations)
Iteration: 103329   Dual objective     =           398.385369
Iteration: 103864   Dual objective     =           398.405868
Iteration: 104373   Dual objective     =           398.423350
Iteration: 104862   Dual objective     =           398.444157
Elapsed time = 685.28 sec. (140103.99 ticks, 105263 iterations)
Iteration: 105348   Dual objective     =           398.464640
Iteration: 105829   Dual objective     =           398.483517
Iteration: 106341   Dual objective     =           398.499302
Iteration: 106823   Dual objective     =           398.519457
Iteration: 107322   Dual objective     =           398.545915
Elapsed time = 730.91 sec. (150105.00 ticks, 107611 iterations)
Iteration: 107809   Dual objective     =           398.567835
Iteration: 108290   Dual objective     =           398.586187
Iteration: 108768   Dual objective     =           398.602542
Iteration: 109271   Dual objective     =           398.618293
Iteration: 109837   Dual objective     =           398.633566
Elapsed time = 773.80 sec. (160106.97 ticks, 110068 iterations)
Iteration: 110388   Dual objective     =           398.653175
Iteration: 110861   Dual objective     =           398.668966
Iteration: 111339   Dual objective     =           398.684101
Iteration: 111849   Dual objective     =           398.710989
Iteration: 112362   Dual objective     =           398.726547
Elapsed time = 820.11 sec. (170107.51 ticks, 112410 iterations)
Iteration: 112830   Dual objective     =           398.756712
Iteration: 113329   Dual objective     =           398.776198
Iteration: 113829   Dual objective     =           398.790190
Iteration: 114292   Dual objective     =           398.805439
Elapsed time = 860.58 sec. (180107.68 ticks, 114573 iterations)
Iteration: 114806   Dual objective     =           398.821707
Iteration: 115302   Dual objective     =           399.105946
Iteration: 115771   Dual objective     =           399.121103
Iteration: 116250   Dual objective     =           399.136874
Iteration: 116699   Dual objective     =           399.157937
Elapsed time = 901.80 sec. (190107.90 ticks, 116733 iterations)
Iteration: 117157   Dual objective     =           399.173315
Iteration: 117640   Dual objective     =           399.191229
Iteration: 118210   Dual objective     =           399.492504
Iteration: 118687   Dual objective     =           399.505413
Elapsed time = 940.28 sec. (200109.33 ticks, 118936 iterations)
Iteration: 119159   Dual objective     =           399.523417
Markowitz threshold set to 0.1
Iteration: 119618   Dual objective     =           399.538585
Iteration: 120870   Dual objective     =           399.549772
Iteration: 122032   Dual objective     =           399.577756
Iteration: 123329   Dual objective     =           399.606302
Iteration: 124576   Dual objective     =           399.630992
Iteration: 125708   Dual objective     =           401.687055
Iteration: 126917   Dual objective     =           402.063294
Iteration: 128034   Dual objective     =           402.079823
Iteration: 129142   Dual objective     =           402.102314
Iteration: 130106   Dual objective     =           402.122408
Iteration: 131241   Dual objective     =           402.150745
Iteration: 132307   Dual objective     =           402.176620
Elapsed time = 999.81 sec. (210110.18 ticks, 132950 iterations)
Iteration: 133457   Dual objective     =           402.192301
Iteration: 134403   Dual objective     =           402.204565
Iteration: 135338   Dual objective     =           402.228771
Iteration: 136334   Dual objective     =           402.251455
Iteration: 137341   Dual objective     =           402.267523
Iteration: 138415   Dual objective     =           402.287574
Iteration: 139596   Dual objective     =           402.306710
Iteration: 140655   Dual objective     =           402.317506
Iteration: 141693   Dual objective     =           402.336433
Iteration: 142793   Dual objective     =           402.360272
Iteration: 143914   Dual objective     =           402.379615
Iteration: 144994   Dual objective     =           402.399144
Iteration: 146029   Dual objective     =           402.418000
Iteration: 147072   Dual objective     =           402.436625
Iteration: 148021   Dual objective     =           402.450720
Iteration: 149064   Dual objective     =           402.465373
Iteration: 149965   Dual objective     =           402.482028
Elapsed time = 1060.72 sec. (220110.88 ticks, 150767 iterations)
Iteration: 150970   Dual objective     =           402.503245
Iteration: 151976   Dual objective     =           402.518637
Iteration: 153286   Dual objective     =           402.536969
Iteration: 154474   Dual objective     =           402.625417
Iteration: 155603   Dual objective     =           402.643084
Iteration: 156708   Dual objective     =           402.655343
Iteration: 157664   Dual objective     =           402.667976
Iteration: 158701   Dual objective     =           402.679767
Iteration: 159581   Dual objective     =           402.690769
Iteration: 160466   Dual objective     =           402.700991
Iteration: 161392   Dual objective     =           402.709250
Iteration: 162341   Dual objective     =           402.716116
Iteration: 163392   Dual objective     =           402.726038
Iteration: 164318   Dual objective     =           402.735898
Iteration: 165226   Dual objective     =           402.741214
Iteration: 166079   Dual objective     =           402.744984
Iteration: 167117   Dual objective     =           402.752666
Iteration: 168125   Dual objective     =           402.757504
Iteration: 169019   Dual objective     =           402.760958
Iteration: 169937   Dual objective     =           402.764295
Elapsed time = 1087.98 sec. (230111.08 ticks, 170536 iterations)
Iteration: 170718   Dual objective     =           402.766437
Iteration: 171659   Dual objective     =           402.769361
Iteration: 172455   Dual objective     =           402.770409
Iteration: 173329   Dual objective     =           402.771228
Iteration: 174329   Dual objective     =           402.772384
Iteration: 174782   Dual objective     =           402.772414
Iteration: 175150   Dual objective     =           402.772417
Removing perturbation.
Iteration: 175255   Dual objective     =           394.897854
Perturbation started.
Iteration: 175355   Dual objective     =           394.897854
Iteration: 176459   Dual objective     =           394.898081
Elapsed time = 1109.03 sec. (240114.55 ticks, 176851 iterations)
Iteration: 177048   Dual objective     =           394.898186
Iteration: 178459   Dual objective     =           394.898447
Elapsed time = 1126.59 sec. (250121.36 ticks, 178858 iterations)
Elapsed time = 1140.42 sec. (260124.14 ticks, 179575 iterations)
Iteration: 179923   Dual objective     =           394.898582
Removing perturbation.

Dual simplex solved model.


Feasopt - Feasible relaxed sum of infeasibilities:  Relaxation =  3.9489785442e+02
Solution time = 1150.14 sec.  Deterministic time = 266814.79 ticks  (231.98 ticks/sec)


Solution written to file 'C:\Users\ClimateLeadGroup\Desktop\CLG_repositories\OSTRAM\t1_confection\Executables\C_Target_VRE_0\Pre_processed_C_Target_VRE_0_NoStorage_OpenBCK_RMCarefulXLSX_output.feasopt.sol'.

Solution written to file 'C:\Users\ClimateLeadGroup\Desktop\CLG_repositories\OSTRAM\t1_confection\Executables\C_Target_VRE_0\Pre_processed_C_Target_VRE_0_NoStorage_OpenBCK_RMCarefulXLSX_output.sol'.

Log started (V22.1.1.0) Wed May 20 11:31:01 2026


Problem 'C:\Users\ClimateLeadGroup\Desktop\CLG_repositories\OSTRAM\t1_confection\Executables\C_Target_VRE_0\Pre_processed_C_Target_VRE_0_NoStorage_OpenBCK_RMCarefulXLSX_output.lp' read.
Read time = 5.23 sec. (99.98 ticks)
New value for default parallel thread count: 4
New value for seed to initialize the random number generator: 12345
New value for parallel optimization mode: 1
Version identifier: 22.1.1.0 | 2022-11-27 | 9160aff4d
CPXPARAM_Threads                                 4
CPXPARAM_Parallel                                1
CPXPARAM_RandomSeed                              12345
Parallel mode: deterministic, using up to 4 threads for concurrent optimization:
 * Starting dual Simplex on 1 thread...
 * Starting Barrier on 3 threads...
Implied bounds make row 'AAC3_TotalAnnualTechnologyActivityLowerLimit(GLOBAL,PWRSPVBGDXX,2032)' infeasible.
Presolve time = 0.44 sec. (357.60 ticks)
Presolve - Infeasible.
Solution time =    0.64 sec.
Deterministic time = 483.72 ticks  (754.64 ticks/sec)
Version identifier: 22.1.1.0 | 2022-11-27 | 9160aff4d
CPXPARAM_Threads                                 4
CPXPARAM_Parallel                                1
CPXPARAM_RandomSeed                              12345
Parallel mode: deterministic, using up to 4 threads for concurrent optimization:
 * Starting dual Simplex on 1 thread...
 * Starting Barrier on 3 threads...
Tried aggregator 1 time.
LP Presolve eliminated 554259 rows and 895710 columns.
Aggregator did 27966 substitutions.
Reduced LP has 181979 rows, 279008 columns, and 3555366 nonzeros.
Presolve time = 9.58 sec. (9038.79 ticks)

Iteration log . . .
Iteration:     1   Dual objective     =             0.000000
Perturbation started.
Iteration:   101   Dual objective     =             0.000000
Iteration:   967   Dual objective     =             0.152038
Iteration:  1859   Dual objective     =             0.383294
Iteration:  2872   Dual objective     =             0.574845
Iteration:  3964   Dual objective     =             0.787550
Iteration:  5076   Dual objective     =             0.984586
Elapsed time = 13.03 sec. (10000.91 ticks, 6387 iterations)
Iteration:  6387   Dual objective     =             1.241191
Iteration:  7394   Dual objective     =             1.402082
Iteration:  7834   Dual objective     =             1.435393
Iteration:  8981   Dual objective     =             1.619993
Iteration: 10365   Dual objective     =             1.861021
Iteration: 11447   Dual objective     =             2.024619
Iteration: 12207   Dual objective     =             2.061696
Iteration: 13488   Dual objective     =             2.202180
Iteration: 14058   Dual objective     =             2.265782
Iteration: 15481   Dual objective     =             2.431348
Iteration: 16868   Dual objective     =             2.571888
Iteration: 17927   Dual objective     =             2.652048
Iteration: 18829   Dual objective     =             2.713002
Iteration: 20152   Dual objective     =             2.824638
Iteration: 21433   Dual objective     =             2.912752
Iteration: 22674   Dual objective     =             2.986703
Iteration: 24450   Dual objective     =             3.108868
Iteration: 25658   Dual objective     =             3.171683
Iteration: 27148   Dual objective     =             3.236231
Iteration: 28660   Dual objective     =             3.329220
Iteration: 29737   Dual objective     =             3.377689
Iteration: 31545   Dual objective     =             3.456262
Iteration: 32590   Dual objective     =             3.502381
Iteration: 33796   Dual objective     =             3.546516
Iteration: 35276   Dual objective     =            28.631317
Iteration: 36419   Dual objective     =            28.686735
Iteration: 37652   Dual objective     =            28.726093
Iteration: 39305   Dual objective     =            28.782801
Iteration: 40475   Dual objective     =            28.824995
Iteration: 41730   Dual objective     =            54.812558
Iteration: 42897   Dual objective     =            54.852329
Iteration: 44060   Dual objective     =            54.903271
Iteration: 45474   Dual objective     =            54.967310
Iteration: 46807   Dual objective     =            61.049204
Iteration: 48131   Dual objective     =            61.095756
Iteration: 49777   Dual objective     =            61.138771
Iteration: 51178   Dual objective     =            64.192621
Iteration: 52534   Dual objective     =            67.248964
Iteration: 53721   Dual objective     =            67.282654
Iteration: 54515   Dual objective     =            67.308915
Iteration: 55461   Dual objective     =            68.975693
Iteration: 56262   Dual objective     =            68.998761
Iteration: 57200   Dual objective     =            69.012913
Iteration: 57831   Dual objective     =            69.036655
Iteration: 58545   Dual objective     =            70.945429
Iteration: 59787   Dual objective     =            70.963909
Iteration: 60683   Dual objective     =            73.117615
Iteration: 61450   Dual objective     =            73.138876
Elapsed time = 47.44 sec. (20001.05 ticks, 61806 iterations)
Iteration: 62079   Dual objective     =            73.165441
Iteration: 62659   Dual objective     =            73.194466
Iteration: 63278   Dual objective     =            73.220490
Iteration: 63848   Dual objective     =            73.244596
Iteration: 64624   Dual objective     =            76.271259
Iteration: 65246   Dual objective     =            76.288979
Iteration: 65927   Dual objective     =            76.311153
Iteration: 66448   Dual objective     =            76.706664
Iteration: 67011   Dual objective     =            76.728650
Elapsed time = 94.31 sec. (30001.64 ticks, 67529 iterations)
Iteration: 67567   Dual objective     =            76.752736
Iteration: 68127   Dual objective     =            76.780179
Iteration: 68664   Dual objective     =            76.809230
Iteration: 69790   Dual objective     =            81.684220
Iteration: 70862   Dual objective     =            81.691892
Iteration: 71363   Dual objective     =            81.715319
Iteration: 71932   Dual objective     =            81.751856
Iteration: 72744   Dual objective     =            81.773605
Iteration: 73315   Dual objective     =            81.798708
Elapsed time = 154.19 sec. (40004.62 ticks, 73446 iterations)
Iteration: 73873   Dual objective     =            81.818873
Iteration: 74357   Dual objective     =            81.844431
Iteration: 74898   Dual objective     =            81.872528
Iteration: 75430   Dual objective     =            81.897945
Iteration: 76000   Dual objective     =            81.930605
Iteration: 76559   Dual objective     =            81.969516
Iteration: 77051   Dual objective     =            81.989870
Elapsed time = 224.86 sec. (50006.22 ticks, 77107 iterations)
Iteration: 77584   Dual objective     =            82.011024
Iteration: 78084   Dual objective     =            82.038134
Iteration: 78609   Dual objective     =            82.061382
Iteration: 79094   Dual objective     =            82.086436
Iteration: 79581   Dual objective     =            82.114203
Iteration: 80053   Dual objective     =            82.135187
Elapsed time = 284.02 sec. (60009.06 ticks, 80155 iterations)
Iteration: 80526   Dual objective     =            82.152867
Iteration: 80981   Dual objective     =            82.173503
Iteration: 81438   Dual objective     =            82.194846
Iteration: 81906   Dual objective     =            82.221097
Iteration: 82401   Dual objective     =            82.238528
Elapsed time = 333.66 sec. (70013.26 ticks, 82707 iterations)
Iteration: 82893   Dual objective     =            82.254074
Iteration: 83394   Dual objective     =            82.276005
Iteration: 83829   Dual objective     =            82.301567
Iteration: 84291   Dual objective     =            82.324264
Iteration: 84783   Dual objective     =            82.343889
Elapsed time = 378.34 sec. (80016.55 ticks, 85073 iterations)
Iteration: 85245   Dual objective     =            82.363976
Iteration: 85691   Dual objective     =            82.393078
Iteration: 86201   Dual objective     =            82.415080
Iteration: 86640   Dual objective     =            82.458399
Iteration: 87088   Dual objective     =            82.485033
Elapsed time = 424.83 sec. (90018.74 ticks, 87319 iterations)
Iteration: 87553   Dual objective     =            82.509917
Iteration: 88034   Dual objective     =            82.540217
Iteration: 88482   Dual objective     =            82.574496
Iteration: 88943   Dual objective     =            82.620010
Iteration: 89414   Dual objective     =            82.643219
Elapsed time = 472.89 sec. (100020.82 ticks, 89515 iterations)
Iteration: 89874   Dual objective     =            82.665653
Iteration: 90324   Dual objective     =            82.691361
Iteration: 90786   Dual objective     =            97.412441
Iteration: 91309   Dual objective     =            97.430574
Elapsed time = 523.44 sec. (110023.02 ticks, 91702 iterations)
Iteration: 91760   Dual objective     =            97.464797
Iteration: 92221   Dual objective     =            97.495035
Iteration: 92694   Dual objective     =            97.517229
Iteration: 93272   Dual objective     =            97.536210
Iteration: 93764   Dual objective     =            97.560027
Elapsed time = 573.80 sec. (120023.29 ticks, 94147 iterations)
Iteration: 94222   Dual objective     =            97.580556
Iteration: 94675   Dual objective     =            97.597122
Iteration: 95134   Dual objective     =            97.621014
Iteration: 95591   Dual objective     =            97.646898
Iteration: 96088   Dual objective     =            97.665761
Elapsed time = 622.53 sec. (130025.01 ticks, 96292 iterations)
Iteration: 96533   Dual objective     =            97.687393
Iteration: 97032   Dual objective     =            97.703399
Iteration: 97513   Dual objective     =            97.723841
Iteration: 97971   Dual objective     =            97.740491
Iteration: 98443   Dual objective     =            97.759579
Elapsed time = 682.09 sec. (140027.57 ticks, 98464 iterations)
Iteration: 98897   Dual objective     =            97.780408
Iteration: 99377   Dual objective     =            97.805351
Iteration: 99863   Dual objective     =           118.436378
Iteration: 100346   Dual objective     =           118.456607
Elapsed time = 746.44 sec. (150032.23 ticks, 100714 iterations)
Iteration: 100833   Dual objective     =           118.480810
Iteration: 101331   Dual objective     =           118.564376
Iteration: 101791   Dual objective     =           118.591482
Iteration: 102244   Dual objective     =           118.619337
Iteration: 102726   Dual objective     =           118.643019
Elapsed time = 818.50 sec. (160037.29 ticks, 102806 iterations)
Iteration: 103197   Dual objective     =           118.659847
Iteration: 103641   Dual objective     =           118.679442
Iteration: 104108   Dual objective     =           118.717762
Iteration: 104593   Dual objective     =           118.739852
Elapsed time = 881.61 sec. (170038.83 ticks, 104814 iterations)
Iteration: 105049   Dual objective     =           119.652423
Iteration: 105519   Dual objective     =           119.670569
Iteration: 105971   Dual objective     =           119.688585
Iteration: 106443   Dual objective     =           119.707333
Elapsed time = 927.06 sec. (180041.68 ticks, 106830 iterations)
Iteration: 106906   Dual objective     =           119.724536
Iteration: 107371   Dual objective     =           119.740168
Iteration: 107829   Dual objective     =           119.757564
Iteration: 108314   Dual objective     =           119.779436
Iteration: 108788   Dual objective     =           119.800081
Elapsed time = 970.69 sec. (190045.41 ticks, 108958 iterations)
Iteration: 109261   Dual objective     =           119.822022
Iteration: 109715   Dual objective     =           119.843137
Iteration: 110197   Dual objective     =           119.857617
Iteration: 110658   Dual objective     =           119.876498
Elapsed time = 1014.22 sec. (200045.93 ticks, 111041 iterations)
Iteration: 111122   Dual objective     =           119.894614
Iteration: 111605   Dual objective     =           119.917105
Iteration: 112083   Dual objective     =           119.933994
Iteration: 112541   Dual objective     =           119.949847
Iteration: 112987   Dual objective     =           119.966639
Elapsed time = 1058.27 sec. (210050.59 ticks, 113074 iterations)
Iteration: 113443   Dual objective     =           119.990013
Iteration: 113906   Dual objective     =           120.073825
Iteration: 114346   Dual objective     =           120.090602
Iteration: 114849   Dual objective     =           120.105869
Elapsed time = 1100.81 sec. (220050.91 ticks, 115101 iterations)
Iteration: 115309   Dual objective     =           120.120270
Iteration: 115739   Dual objective     =           120.139241
Iteration: 116207   Dual objective     =           120.162666
Iteration: 116660   Dual objective     =           120.181642
Elapsed time = 1143.50 sec. (230055.24 ticks, 117208 iterations)
Iteration: 117213   Dual objective     =           120.196090
Iteration: 117760   Dual objective     =           120.213727
Iteration: 118211   Dual objective     =           120.228077
Iteration: 118670   Dual objective     =           120.245642
Iteration: 119133   Dual objective     =           120.260175
Elapsed time = 1185.61 sec. (240058.10 ticks, 119350 iterations)
Iteration: 119596   Dual objective     =           120.281224
Iteration: 120053   Dual objective     =           120.297482
Iteration: 120551   Dual objective     =           120.312389
Iteration: 121108   Dual objective     =           120.331046
Iteration: 121612   Dual objective     =           120.349919
Elapsed time = 1231.75 sec. (250058.53 ticks, 121654 iterations)
Iteration: 122066   Dual objective     =           120.367687
Iteration: 122496   Dual objective     =           120.385528
Iteration: 122970   Dual objective     =           120.398981
Iteration: 123443   Dual objective     =           120.412648
Elapsed time = 1255.41 sec. (260061.48 ticks, 123568 iterations)
Iteration: 123944   Dual objective     =           120.430857
Iteration: 124417   Dual objective     =           120.452674
Iteration: 124861   Dual objective     =           120.466331
Iteration: 125303   Dual objective     =           120.482354
Elapsed time = 1277.30 sec. (270062.31 ticks, 125609 iterations)
Iteration: 125848   Dual objective     =           120.505365
Iteration: 126408   Dual objective     =           120.519555
Iteration: 126922   Dual objective     =           120.533846
Iteration: 127427   Dual objective     =           120.551122
Elapsed time = 1298.70 sec. (280104.55 ticks, 127893 iterations)
Iteration: 127893   Dual objective     =           120.566512
Iteration: 128354   Dual objective     =           120.577957
Iteration: 128839   Dual objective     =           120.592726
Iteration: 129294   Dual objective     =           120.607886
Iteration: 129754   Dual objective     =           120.620460
Elapsed time = 1320.98 sec. (290105.64 ticks, 129844 iterations)
Iteration: 130193   Dual objective     =           120.636947
Iteration: 130689   Dual objective     =           120.655644
Iteration: 131153   Dual objective     =           120.668774
Iteration: 131583   Dual objective     =           120.678473
Elapsed time = 1342.30 sec. (300109.25 ticks, 131744 iterations)
Iteration: 132009   Dual objective     =           120.695481
Iteration: 132452   Dual objective     =           120.723675
Iteration: 133148   Dual objective     =           120.735412
Iteration: 133622   Dual objective     =           120.750132
Elapsed time = 1364.08 sec. (310114.62 ticks, 134070 iterations)
Iteration: 134084   Dual objective     =           120.763533
Iteration: 134572   Dual objective     =           120.776753
Iteration: 135051   Dual objective     =           120.798358
Iteration: 135520   Dual objective     =           120.815484
Iteration: 135966   Dual objective     =           120.835213
Elapsed time = 1391.22 sec. (320119.55 ticks, 136077 iterations)
Iteration: 136396   Dual objective     =           120.904579
Iteration: 136837   Dual objective     =           120.939568
Iteration: 137292   Dual objective     =           120.976798
Iteration: 137752   Dual objective     =           121.006553
Elapsed time = 1419.16 sec. (330123.54 ticks, 137925 iterations)
Iteration: 138228   Dual objective     =           121.025550
Iteration: 138704   Dual objective     =           121.041202
Iteration: 139159   Dual objective     =           121.056926
Iteration: 139642   Dual objective     =           121.074242
Elapsed time = 1445.16 sec. (340124.09 ticks, 139910 iterations)
Iteration: 140106   Dual objective     =           121.087992
Iteration: 140574   Dual objective     =           121.104562
Iteration: 141039   Dual objective     =           121.122903
Iteration: 141516   Dual objective     =           121.135350
Elapsed time = 1467.30 sec. (350125.68 ticks, 141907 iterations)
Iteration: 141971   Dual objective     =           121.145227
Iteration: 142429   Dual objective     =           121.158479
Iteration: 142896   Dual objective     =           121.168681
Iteration: 143409   Dual objective     =           121.183265
Iteration: 143865   Dual objective     =           121.197327
Elapsed time = 1489.58 sec. (360129.03 ticks, 144009 iterations)
Iteration: 144331   Dual objective     =           121.206609
Iteration: 144812   Dual objective     =           121.217643
Iteration: 145298   Dual objective     =           121.246220
Iteration: 145775   Dual objective     =           121.257831
Elapsed time = 1511.50 sec. (370130.89 ticks, 146050 iterations)
Iteration: 146260   Dual objective     =           121.273460
Iteration: 146725   Dual objective     =           121.284346
Iteration: 147181   Dual objective     =           121.295623
Iteration: 147655   Dual objective     =           121.304216
Elapsed time = 1533.23 sec. (380204.48 ticks, 148091 iterations)
Iteration: 148091   Dual objective     =           121.317658
Iteration: 148536   Dual objective     =           121.328320
Iteration: 148997   Dual objective     =           121.343336
Iteration: 149458   Dual objective     =           121.351846
Iteration: 149969   Dual objective     =           121.369028
Elapsed time = 1553.58 sec. (390205.26 ticks, 150113 iterations)
Iteration: 150452   Dual objective     =           121.381330
Iteration: 150906   Dual objective     =           121.393324
Iteration: 151369   Dual objective     =           121.405133
Iteration: 151855   Dual objective     =           121.416809
Elapsed time = 1576.03 sec. (400206.85 ticks, 152199 iterations)
Iteration: 152368   Dual objective     =           121.427529
Iteration: 152822   Dual objective     =           121.440383
Iteration: 153285   Dual objective     =           121.448556
Iteration: 153720   Dual objective     =           121.458507
Elapsed time = 1598.80 sec. (410209.70 ticks, 154083 iterations)
Iteration: 154184   Dual objective     =           121.466135
Iteration: 154644   Dual objective     =           121.477876
Iteration: 155108   Dual objective     =           121.486710
Iteration: 155567   Dual objective     =           121.494702
Iteration: 156027   Dual objective     =           121.502193
Elapsed time = 1620.19 sec. (420210.50 ticks, 156119 iterations)
Iteration: 156520   Dual objective     =           121.511662
Iteration: 157012   Dual objective     =           121.520917
Iteration: 157487   Dual objective     =           121.530600
Iteration: 157944   Dual objective     =           121.538837
Elapsed time = 1641.88 sec. (430214.75 ticks, 158187 iterations)
Iteration: 158417   Dual objective     =           121.551498
Iteration: 158882   Dual objective     =           121.560778
Iteration: 159352   Dual objective     =           121.570128
Iteration: 159818   Dual objective     =           121.580464
Elapsed time = 1663.91 sec. (440218.79 ticks, 160091 iterations)
Iteration: 160272   Dual objective     =           121.586867
Iteration: 160723   Dual objective     =           121.595556
Iteration: 161178   Dual objective     =           121.603106
Iteration: 161634   Dual objective     =           121.610052
Iteration: 162127   Dual objective     =           121.618586
Elapsed time = 1686.83 sec. (450219.97 ticks, 162188 iterations)
Iteration: 162608   Dual objective     =           121.628901
Iteration: 163069   Dual objective     =           121.636799
Iteration: 163526   Dual objective     =           121.645200
Iteration: 164022   Dual objective     =           121.655089
Elapsed time = 1708.36 sec. (460222.97 ticks, 164459 iterations)
Iteration: 164496   Dual objective     =           121.665324
Iteration: 164968   Dual objective     =           121.675415
Iteration: 165466   Dual objective     =           121.683960
Iteration: 165920   Dual objective     =           121.691721
Iteration: 166384   Dual objective     =           121.699556
Elapsed time = 1732.58 sec. (470223.49 ticks, 166638 iterations)
Iteration: 166882   Dual objective     =           121.706784
Iteration: 167349   Dual objective     =           121.714852
Iteration: 167810   Dual objective     =           121.793747
Iteration: 168311   Dual objective     =           121.802014
Iteration: 168845   Dual objective     =           121.875322
Elapsed time = 1754.14 sec. (480224.86 ticks, 168984 iterations)
Markowitz threshold set to 0.1
Iteration: 169390   Dual objective     =           121.882771
Iteration: 170618   Dual objective     =           121.898567
Iteration: 171636   Dual objective     =           123.413910
Iteration: 172745   Dual objective     =           123.425976
Iteration: 173816   Dual objective     =           123.438499
Iteration: 174799   Dual objective     =           123.448664
Iteration: 175767   Dual objective     =           123.459762
Iteration: 176536   Dual objective     =           123.468770
Iteration: 177602   Dual objective     =           123.480166
Iteration: 178592   Dual objective     =           123.490650
Iteration: 179451   Dual objective     =           123.501718
Iteration: 180459   Dual objective     =           123.510109
Elapsed time = 1784.28 sec. (490225.74 ticks, 181151 iterations)
Iteration: 181370   Dual objective     =           123.519392
Iteration: 182319   Dual objective     =           123.527701
Iteration: 183321   Dual objective     =           123.536541
Iteration: 184243   Dual objective     =           123.543291
Iteration: 185136   Dual objective     =           123.550460
Iteration: 186052   Dual objective     =           123.557454
Iteration: 187107   Dual objective     =           123.564817
Iteration: 188169   Dual objective     =           123.573813
Iteration: 189345   Dual objective     =           123.584205
Iteration: 190389   Dual objective     =           123.594322
Iteration: 191649   Dual objective     =           123.602754
Iteration: 193041   Dual objective     =           123.608492
Iteration: 194140   Dual objective     =           123.614650
Iteration: 195205   Dual objective     =           123.618774
Iteration: 196150   Dual objective     =           123.622911
Iteration: 197008   Dual objective     =           123.627345
Iteration: 197826   Dual objective     =           123.630806
Iteration: 198636   Dual objective     =           123.633712
Iteration: 199430   Dual objective     =           123.635947
Elapsed time = 1812.70 sec. (500226.53 ticks, 199874 iterations)
Iteration: 200215   Dual objective     =           123.638167
Iteration: 200964   Dual objective     =           123.640205
Iteration: 201813   Dual objective     =           123.641772
Iteration: 202659   Dual objective     =           123.643252
Iteration: 203536   Dual objective     =           123.644155
Iteration: 204336   Dual objective     =           123.644613
Iteration: 204736   Dual objective     =           123.644620
Removing perturbation.
Iteration: 205032   Dual objective     =           114.834459
Perturbation started.
Iteration: 205132   Dual objective     =           114.834459
Iteration: 206025   Dual objective     =           114.834551
Elapsed time = 1836.95 sec. (510238.85 ticks, 206445 iterations)
Iteration: 206978   Dual objective     =           114.834601
Elapsed time = 1856.98 sec. (520240.00 ticks, 207986 iterations)
Iteration: 208032   Dual objective     =           114.834676
Iteration: 209122   Dual objective     =           114.834946
Elapsed time = 1874.80 sec. (530247.87 ticks, 209534 iterations)
Iteration: 210215   Dual objective     =           114.835018
Removing perturbation.

Dual simplex solved model.


Feasopt - Feasible relaxed sum of infeasibilities:  Relaxation =  1.1483445909e+02
Solution time = 1889.09 sec.  Deterministic time = 539096.33 ticks  (285.37 ticks/sec)


Solution written to file 'C:\Users\ClimateLeadGroup\Desktop\CLG_repositories\OSTRAM\t1_confection\Executables\C_Target_VRE_0\Pre_processed_C_Target_VRE_0_NoStorage_OpenBCK_RMCarefulXLSX_output.feasopt.sol'.

Solution written to file 'C:\Users\ClimateLeadGroup\Desktop\CLG_repositories\OSTRAM\t1_confection\Executables\C_Target_VRE_0\Pre_processed_C_Target_VRE_0_NoStorage_OpenBCK_RMCarefulXLSX_output.sol'.

Log started (V22.1.1.0) Wed May 20 15:17:06 2026


Problem 'C:\Users\ClimateLeadGroup\Desktop\CLG_repositories\OSTRAM\t1_confection\Executables\C_Target_VRE_0\Pre_processed_C_Target_VRE_0_NoStorage_OpenBCK_RMCarefulXLSX_output.lp' read.
Read time = 4.61 sec. (99.98 ticks)
New value for default parallel thread count: 4
New value for seed to initialize the random number generator: 12345
New value for parallel optimization mode: 1
Version identifier: 22.1.1.0 | 2022-11-27 | 9160aff4d
CPXPARAM_Threads                                 4
CPXPARAM_Parallel                                1
CPXPARAM_RandomSeed                              12345
Parallel mode: deterministic, using up to 4 threads for concurrent optimization:
 * Starting dual Simplex on 1 thread...
 * Starting Barrier on 3 threads...
Tried aggregator 1 time.
LP Presolve eliminated 248011 rows and 223860 columns.
Reduced LP has 174481 rows, 139356 columns, and 2664469 nonzeros.
Presolve time = 0.98 sec. (1016.73 ticks)

Iteration log . . .
Iteration:     1   Dual objective     =        238173.633085
Iteration:   708   Dual objective     =        238190.297459
Iteration:  1505   Dual objective     =        238210.876705
Iteration:  2483   Dual objective     =        238238.518434
Iteration:  3559   Dual objective     =        238266.243093
Iteration:  4628   Dual objective     =        238291.448929
Iteration:  5730   Dual objective     =        238319.121866
Iteration:  6748   Dual objective     =        238344.009383
Iteration:  7895   Dual objective     =        238371.478603
Iteration:  9003   Dual objective     =        238397.575170
Iteration: 10113   Dual objective     =        238420.622395
Iteration: 11199   Dual objective     =        238444.465687
Iteration: 12209   Dual objective     =        238462.889218
Iteration: 13166   Dual objective     =        238473.994236
Iteration: 14264   Dual objective     =        238493.940943
Iteration: 15374   Dual objective     =        238512.450328
Iteration: 16452   Dual objective     =        238526.589601
Iteration: 17568   Dual objective     =        238540.161106
Iteration: 18632   Dual objective     =        238548.125381
Iteration: 19732   Dual objective     =        238561.140327
Iteration: 20819   Dual objective     =        238569.947223
Iteration: 21901   Dual objective     =        238576.495701
Iteration: 22888   Dual objective     =        238586.149310
Iteration: 23900   Dual objective     =        238594.286802
Iteration: 24938   Dual objective     =        238604.861021
Iteration: 25964   Dual objective     =        238611.683269
Iteration: 27056   Dual objective     =        238633.683316
Perturbation started.
Iteration: 27169   Dual objective     =        238633.683316
Iteration: 28228   Dual objective     =        238642.365658
Iteration: 29323   Dual objective     =        238658.041356
Iteration: 30416   Dual objective     =        238666.471405
Iteration: 31512   Dual objective     =        238749.960031
Iteration: 32580   Dual objective     =        239102.820207
Iteration: 33670   Dual objective     =        240577.101174
Iteration: 34774   Dual objective     =        242137.514248
Iteration: 35998   Dual objective     =        242524.852943
Iteration: 37118   Dual objective     =        243304.032327
Iteration: 38296   Dual objective     =        243672.173674
Iteration: 39497   Dual objective     =        245404.500039
Iteration: 40703   Dual objective     =        245923.736111
Iteration: 41891   Dual objective     =        246496.799354
Iteration: 43010   Dual objective     =        247328.719988
Iteration: 44150   Dual objective     =        247943.295991
Iteration: 45289   Dual objective     =        248449.067726
Iteration: 46317   Dual objective     =        249923.371593
Iteration: 47284   Dual objective     =        255240.058882
Iteration: 48291   Dual objective     =        260693.220625
Iteration: 49428   Dual objective     =        263946.516527
Iteration: 50546   Dual objective     =        265764.447906
Iteration: 51515   Dual objective     =        269860.567091
Iteration: 52294   Dual objective     =        275078.344677
Iteration: 53304   Dual objective     =        278074.894170
Iteration: 54306   Dual objective     =        282895.947904
Iteration: 55223   Dual objective     =        285818.610392
Iteration: 56193   Dual objective     =        288904.703008
Iteration: 57293   Dual objective     =        291982.917820
Iteration: 58084   Dual objective     =        296704.402743
Iteration: 59014   Dual objective     =        303037.488469
Iteration: 60334   Dual objective     =        317229.527124
Iteration: 61649   Dual objective     =        323573.567489
Iteration: 62876   Dual objective     =        331663.572680
Iteration: 64065   Dual objective     =        333157.861784
Iteration: 65287   Dual objective     =        342373.518541
Iteration: 66441   Dual objective     =        352584.375526
Iteration: 67737   Dual objective     =        356193.717325
Iteration: 68960   Dual objective     =        359887.456875
Iteration: 70082   Dual objective     =        363224.422095
Iteration: 71115   Dual objective     =        369096.250062
Iteration: 72359   Dual objective     =        376565.830639
Iteration: 73538   Dual objective     =        411059.303593
Iteration: 74765   Dual objective     =        414920.125958
Iteration: 75935   Dual objective     =        418921.942815
Iteration: 76873   Dual objective     =        421443.438795
Iteration: 78058   Dual objective     =        428519.405283
Iteration: 78981   Dual objective     =        430108.939952
Iteration: 80297   Dual objective     =        436946.820857
Iteration: 81356   Dual objective     =        444676.112421
Iteration: 82163   Dual objective     =        450849.160423
Iteration: 83304   Dual objective     =        457998.550785
Iteration: 84690   Dual objective     =        461584.917553
Iteration: 85902   Dual objective     =        467647.246324
Iteration: 86974   Dual objective     =        472627.452632
Iteration: 87876   Dual objective     =        477396.698509
Iteration: 88822   Dual objective     =        488300.322099
Iteration: 89796   Dual objective     =        492019.758098
Iteration: 90723   Dual objective     =        496642.944204
Iteration: 91898   Dual objective     =        501622.051898
Iteration: 92828   Dual objective     =        508512.267737
Iteration: 93975   Dual objective     =        512528.000416
Iteration: 95254   Dual objective     =        518440.423380
Iteration: 96600   Dual objective     =        528030.543898
Iteration: 97686   Dual objective     =        541515.276671
Iteration: 99006   Dual objective     =        546278.986125
Iteration: 100056   Dual objective     =        553826.264638
Iteration: 101223   Dual objective     =        562979.891222
Iteration: 102216   Dual objective     =        568063.735397
Iteration: 103170   Dual objective     =        575600.658903
Iteration: 104108   Dual objective     =        580791.384176
Iteration: 105632   Dual objective     =        601744.719340
Iteration: 106818   Dual objective     =        619303.823552
Iteration: 108067   Dual objective     =        638281.682829
Iteration: 109131   Dual objective     =        662842.525232
Iteration: 109964   Dual objective     =        681948.583780
Iteration: 110857   Dual objective     =        694644.741116
Iteration: 111935   Dual objective     =        702963.857687
Iteration: 112936   Dual objective     =        717886.008924
Iteration: 113982   Dual objective     =        731939.177518
Iteration: 115122   Dual objective     =        745428.017603
Iteration: 116294   Dual objective     =        767505.207415
Iteration: 117454   Dual objective     =        789640.030386
Iteration: 118624   Dual objective     =        815196.324803
Iteration: 119828   Dual objective     =        834927.845462
Elapsed time = 16.31 sec. (10025.92 ticks, 120959 iterations)
Iteration: 120959   Dual objective     =        851175.568556
Iteration: 122081   Dual objective     =        875888.132497
Iteration: 123214   Dual objective     =        893299.416644
Iteration: 124217   Dual objective     =        903920.809448
Iteration: 125606   Dual objective     =        922407.960849
Iteration: 126566   Dual objective     =        952840.630514
Iteration: 127431   Dual objective     =        963355.273235
Iteration: 128534   Dual objective     =        971851.727657
Iteration: 129456   Dual objective     =        982213.599941
Iteration: 130619   Dual objective     =       1002761.386433
Iteration: 131489   Dual objective     =       1014123.648844
Iteration: 132729   Dual objective     =       1027674.408893
Iteration: 133890   Dual objective     =       1033058.734791
Iteration: 135085   Dual objective     =       1039793.636228
Iteration: 136315   Dual objective     =       1043112.681702
Iteration: 137169   Dual objective     =       1046509.959737
Iteration: 138110   Dual objective     =       1050700.891761
Iteration: 139077   Dual objective     =       1058304.370494
Iteration: 140184   Dual objective     =       1068870.151518
Iteration: 141200   Dual objective     =       1076507.124929
Iteration: 141956   Dual objective     =       1084333.226154
Iteration: 142729   Dual objective     =       1089778.931417
Iteration: 143685   Dual objective     =       1100402.157980
Iteration: 144493   Dual objective     =       1105195.319494
Markowitz threshold set to 0.1
Iteration: 144715   Dual objective     =       1105666.062673
Iteration: 145960   Dual objective     =       1114078.892228
Iteration: 147046   Dual objective     =       1119625.101734
Elapsed time = 56.97 sec. (20061.13 ticks, 148347 iterations)
Iteration: 148347   Dual objective     =       1130736.260171
Iteration: 149666   Dual objective     =       1146679.211490
Iteration: 150802   Dual objective     =       1163695.932828
Iteration: 152090   Dual objective     =       1171241.042233
Iteration: 153403   Dual objective     =       1178028.059509
Iteration: 154642   Dual objective     =       1190839.321812
Iteration: 155825   Dual objective     =       1201440.085441
Iteration: 156991   Dual objective     =       1209832.819094
Iteration: 158044   Dual objective     =       1217012.460322
Iteration: 159098   Dual objective     =       1220929.605837
Iteration: 160188   Dual objective     =       1226749.715792
Iteration: 161412   Dual objective     =       1231543.603327
Iteration: 162500   Dual objective     =       1235018.937876
Iteration: 163413   Dual objective     =       1237882.734812
Iteration: 164505   Dual objective     =       1242048.113769
Iteration: 165712   Dual objective     =       1246321.856453
Iteration: 166764   Dual objective     =       1249290.512411
Iteration: 168059   Dual objective     =       1253887.849374
Iteration: 169059   Dual objective     =       1258531.842439
Iteration: 170259   Dual objective     =       1262330.647083
Iteration: 171476   Dual objective     =       1267008.863277
Iteration: 172620   Dual objective     =       1270885.693690
Iteration: 173761   Dual objective     =       1274375.676139
Iteration: 174865   Dual objective     =       1277996.213353
Iteration: 176010   Dual objective     =       1281297.205871
Iteration: 177106   Dual objective     =       1283968.417764
Iteration: 178219   Dual objective     =       1286802.464547
Iteration: 179483   Dual objective     =       1289574.340180
Iteration: 180804   Dual objective     =       1294365.077567
Iteration: 181892   Dual objective     =       1296995.591434
Iteration: 182792   Dual objective     =       1299862.719333
Iteration: 183996   Dual objective     =       1302382.391158
Iteration: 185275   Dual objective     =       1304686.730576
Iteration: 186428   Dual objective     =       1307136.935353
Iteration: 187567   Dual objective     =       1309560.410500
Iteration: 188512   Dual objective     =       1310973.938267
Iteration: 189697   Dual objective     =       1312415.811292
Iteration: 190729   Dual objective     =       1314055.625958
Iteration: 191791   Dual objective     =       1315250.673216
Iteration: 192995   Dual objective     =       1316385.192294
Iteration: 194134   Dual objective     =       1317817.272798
Iteration: 195140   Dual objective     =       1319081.884600
Elapsed time = 94.61 sec. (30061.28 ticks, 196164 iterations)
Iteration: 196212   Dual objective     =       1320357.992561
Iteration: 197424   Dual objective     =       1321566.542882
Iteration: 198386   Dual objective     =       1322364.495541
Iteration: 199427   Dual objective     =       1323579.809158
Iteration: 200459   Dual objective     =       1324860.486184
Iteration: 201523   Dual objective     =       1326058.185478
Iteration: 202415   Dual objective     =       1326942.910566
Iteration: 203336   Dual objective     =       1327534.201459
Iteration: 204539   Dual objective     =       1328210.375526
Iteration: 205596   Dual objective     =       1328847.995668
Iteration: 206613   Dual objective     =       1329677.260380
Iteration: 207544   Dual objective     =       1330252.694812
Iteration: 208455   Dual objective     =       1330687.203657
Iteration: 209419   Dual objective     =       1331044.800868
Iteration: 210152   Dual objective     =       1331330.850807
Iteration: 210917   Dual objective     =       1331654.921717
Iteration: 211780   Dual objective     =       1331821.441356
Iteration: 212607   Dual objective     =       1332374.967560
Iteration: 213388   Dual objective     =       1332677.611352
Iteration: 214184   Dual objective     =       1332869.674459
Iteration: 215176   Dual objective     =       1333027.651135
Iteration: 216023   Dual objective     =       1333189.730747
Iteration: 217108   Dual objective     =       1333255.292656
Iteration: 218025   Dual objective     =       1333334.156295
Iteration: 219004   Dual objective     =       1333367.306637
Iteration: 219834   Dual objective     =       1333378.631337
Removing perturbation.
Iteration: 219863    Objective     =       1333336.294634

Dual simplex solved model.


Dual simplex - Optimal:  Objective =  1.3333362904e+06
Solution time =  134.78 sec.  Iterations = 219872 (0)
Deterministic time = 40257.27 ticks  (298.69 ticks/sec)

Version identifier: 22.1.1.0 | 2022-11-27 | 9160aff4d
CPXPARAM_Threads                                 4
CPXPARAM_Parallel                                1
CPXPARAM_RandomSeed                              12345

Dual simplex - Optimal:  Objective =  1.3333362904e+06
Solution time =    0.02 sec.  Iterations = 219872 (0)
Deterministic time = 6.63 ticks  (414.42 ticks/sec)


Solution written to file 'C:\Users\ClimateLeadGroup\Desktop\CLG_repositories\OSTRAM\t1_confection\Executables\C_Target_VRE_0\Pre_processed_C_Target_VRE_0_NoStorage_OpenBCK_RMCarefulXLSX_output.feasopt.sol'.

Solution written to file 'C:\Users\ClimateLeadGroup\Desktop\CLG_repositories\OSTRAM\t1_confection\Executables\C_Target_VRE_0\Pre_processed_C_Target_VRE_0_NoStorage_OpenBCK_RMCarefulXLSX_output.sol'.

Log started (V22.1.1.0) Thu May 21 09:19:43 2026


Problem 'C:\Users\ClimateLeadGroup\Desktop\CLG_repositories\OSTRAM\t1_confection\Executables\C_Target_VRE_0\Pre_processed_C_Target_VRE_0_NoStorage_OpenBCK_RMCarefulXLSX_output.lp' read.
Read time = 8.16 sec. (99.98 ticks)
New value for default parallel thread count: 4
New value for seed to initialize the random number generator: 12345
New value for parallel optimization mode: 1
Version identifier: 22.1.1.0 | 2022-11-27 | 9160aff4d
CPXPARAM_Threads                                 4
CPXPARAM_Parallel                                1
CPXPARAM_RandomSeed                              12345
Parallel mode: deterministic, using up to 4 threads for concurrent optimization:
 * Starting dual Simplex on 1 thread...
 * Starting Barrier on 3 threads...
Tried aggregator 1 time.
LP Presolve eliminated 248011 rows and 223860 columns.
Reduced LP has 174481 rows, 139356 columns, and 2664469 nonzeros.
Presolve time = 3.70 sec. (1016.73 ticks)

Iteration log . . .
Iteration:     1   Dual objective     =        238173.633085
Iteration:   708   Dual objective     =        238190.297459
Iteration:  1505   Dual objective     =        238210.876705
Iteration:  2483   Dual objective     =        238238.518434
Iteration:  3559   Dual objective     =        238266.243093
Iteration:  4628   Dual objective     =        238291.448929
Iteration:  5730   Dual objective     =        238319.121866
Iteration:  6748   Dual objective     =        238344.009383
Iteration:  7895   Dual objective     =        238371.478603
Iteration:  9003   Dual objective     =        238397.575170
Iteration: 10113   Dual objective     =        238420.622395
Iteration: 11199   Dual objective     =        238444.465687
Iteration: 12209   Dual objective     =        238462.889218
Iteration: 13166   Dual objective     =        238473.994236
Iteration: 14264   Dual objective     =        238493.940943
Iteration: 15374   Dual objective     =        238512.450328
Iteration: 16452   Dual objective     =        238526.589601
Iteration: 17568   Dual objective     =        238540.161106
Iteration: 18632   Dual objective     =        238548.125381
Iteration: 19732   Dual objective     =        238561.140327
Iteration: 20819   Dual objective     =        238569.947223
Iteration: 21901   Dual objective     =        238576.495701
Iteration: 22888   Dual objective     =        238586.149310
Iteration: 23900   Dual objective     =        238594.286802
Iteration: 24938   Dual objective     =        238604.861021
Iteration: 25964   Dual objective     =        238611.683269
Iteration: 27056   Dual objective     =        238633.683316
Perturbation started.
Iteration: 27169   Dual objective     =        238633.683316
Iteration: 28228   Dual objective     =        238642.365658
Iteration: 29323   Dual objective     =        238658.041356
Iteration: 30416   Dual objective     =        238666.471405
Iteration: 31512   Dual objective     =        238749.960031
Iteration: 32580   Dual objective     =        239102.820207
Iteration: 33670   Dual objective     =        240577.101174
Iteration: 34774   Dual objective     =        242137.514248
Iteration: 35998   Dual objective     =        242524.852943
Iteration: 37118   Dual objective     =        243304.032327
Iteration: 38296   Dual objective     =        243672.173674
Iteration: 39497   Dual objective     =        245404.500039
Iteration: 40703   Dual objective     =        245923.736111
Iteration: 41891   Dual objective     =        246496.799354
Iteration: 43010   Dual objective     =        247328.719988
Iteration: 44150   Dual objective     =        247943.295991
Iteration: 45289   Dual objective     =        248449.067726
Iteration: 46317   Dual objective     =        249923.371593
Iteration: 47284   Dual objective     =        255240.058882
Iteration: 48291   Dual objective     =        260693.220625
Iteration: 49428   Dual objective     =        263946.516527
Iteration: 50546   Dual objective     =        265764.447906
Iteration: 51515   Dual objective     =        269860.567091
Iteration: 52294   Dual objective     =        275078.344677
Iteration: 53304   Dual objective     =        278074.894170
Iteration: 54306   Dual objective     =        282895.947904
Iteration: 55223   Dual objective     =        285818.610392
Iteration: 56193   Dual objective     =        288904.703008
Iteration: 57293   Dual objective     =        291982.917820
Iteration: 58084   Dual objective     =        296704.402743
Iteration: 59014   Dual objective     =        303037.488469
Iteration: 60334   Dual objective     =        317229.527124
Iteration: 61649   Dual objective     =        323573.567489
Iteration: 62876   Dual objective     =        331663.572680
Iteration: 64065   Dual objective     =        333157.861784
Iteration: 65287   Dual objective     =        342373.518541
Iteration: 66441   Dual objective     =        352584.375526
Iteration: 67737   Dual objective     =        356193.717325
Iteration: 68960   Dual objective     =        359887.456875
Iteration: 70082   Dual objective     =        363224.422095
Iteration: 71115   Dual objective     =        369096.250062
Iteration: 72359   Dual objective     =        376565.830639
Iteration: 73538   Dual objective     =        411059.303593
Iteration: 74765   Dual objective     =        414920.125958
Iteration: 75935   Dual objective     =        418921.942815
Iteration: 76873   Dual objective     =        421443.438795
Iteration: 78058   Dual objective     =        428519.405283
Iteration: 78981   Dual objective     =        430108.939952
Iteration: 80297   Dual objective     =        436946.820857
Iteration: 81356   Dual objective     =        444676.112421
Iteration: 82163   Dual objective     =        450849.160423
Iteration: 83304   Dual objective     =        457998.550785
Iteration: 84690   Dual objective     =        461584.917553
Iteration: 85902   Dual objective     =        467647.246324
Iteration: 86974   Dual objective     =        472627.452632
Iteration: 87876   Dual objective     =        477396.698509
Iteration: 88822   Dual objective     =        488300.322099
Iteration: 89796   Dual objective     =        492019.758098
Iteration: 90723   Dual objective     =        496642.944204
Iteration: 91898   Dual objective     =        501622.051898
Iteration: 92828   Dual objective     =        508512.267737
Iteration: 93975   Dual objective     =        512528.000416
Iteration: 95254   Dual objective     =        518440.423380
Iteration: 96600   Dual objective     =        528030.543898
Iteration: 97686   Dual objective     =        541515.276671
Iteration: 99006   Dual objective     =        546278.986125
Iteration: 100056   Dual objective     =        553826.264638
Iteration: 101223   Dual objective     =        562979.891222
Iteration: 102216   Dual objective     =        568063.735397
Iteration: 103170   Dual objective     =        575600.658903
Iteration: 104108   Dual objective     =        580791.384176
Iteration: 105632   Dual objective     =        601744.719340
Iteration: 106818   Dual objective     =        619303.823552
Iteration: 108067   Dual objective     =        638281.682829
Iteration: 109131   Dual objective     =        662842.525232
Iteration: 109964   Dual objective     =        681948.583780
Iteration: 110857   Dual objective     =        694644.741116
Iteration: 111935   Dual objective     =        702963.857687
Iteration: 112936   Dual objective     =        717886.008924
Iteration: 113982   Dual objective     =        731939.177518
Iteration: 115122   Dual objective     =        745428.017603
Iteration: 116294   Dual objective     =        767505.207415
Iteration: 117454   Dual objective     =        789640.030386
Iteration: 118624   Dual objective     =        815196.324803
Iteration: 119828   Dual objective     =        834927.845462
Elapsed time = 36.47 sec. (10025.92 ticks, 120959 iterations)
Iteration: 120959   Dual objective     =        851175.568556
Iteration: 122081   Dual objective     =        875888.132497
Iteration: 123214   Dual objective     =        893299.416644
Iteration: 124217   Dual objective     =        903920.809448
Iteration: 125606   Dual objective     =        922407.960849
Iteration: 126566   Dual objective     =        952840.630514
Iteration: 127431   Dual objective     =        963355.273235
Iteration: 128534   Dual objective     =        971851.727657
Iteration: 129456   Dual objective     =        982213.599941
Iteration: 130619   Dual objective     =       1002761.386433
Iteration: 131489   Dual objective     =       1014123.648844
Iteration: 132729   Dual objective     =       1027674.408893
Iteration: 133890   Dual objective     =       1033058.734791
Iteration: 135085   Dual objective     =       1039793.636228
Iteration: 136315   Dual objective     =       1043112.681702
Iteration: 137169   Dual objective     =       1046509.959737
Iteration: 138110   Dual objective     =       1050700.891761
Iteration: 139077   Dual objective     =       1058304.370494
Iteration: 140184   Dual objective     =       1068870.151518
Iteration: 141200   Dual objective     =       1076507.124929
Iteration: 141956   Dual objective     =       1084333.226154
Iteration: 142729   Dual objective     =       1089778.931417
Iteration: 143685   Dual objective     =       1100402.157980
Iteration: 144493   Dual objective     =       1105195.319494
Markowitz threshold set to 0.1
Iteration: 144715   Dual objective     =       1105666.062673
Iteration: 145960   Dual objective     =       1114078.892228
Iteration: 147046   Dual objective     =       1119625.101734
Elapsed time = 101.03 sec. (20061.13 ticks, 148347 iterations)
Iteration: 148347   Dual objective     =       1130736.260171
Iteration: 149666   Dual objective     =       1146679.211490
Iteration: 150802   Dual objective     =       1163695.932828
Iteration: 152090   Dual objective     =       1171241.042233
Iteration: 153403   Dual objective     =       1178028.059509
Iteration: 154642   Dual objective     =       1190839.321812
Iteration: 155825   Dual objective     =       1201440.085441
Iteration: 156991   Dual objective     =       1209832.819094
Iteration: 158044   Dual objective     =       1217012.460322
Iteration: 159098   Dual objective     =       1220929.605837
Iteration: 160188   Dual objective     =       1226749.715792
Iteration: 161412   Dual objective     =       1231543.603327
Iteration: 162500   Dual objective     =       1235018.937876
Iteration: 163413   Dual objective     =       1237882.734812
Iteration: 164505   Dual objective     =       1242048.113769
Iteration: 165712   Dual objective     =       1246321.856453
Iteration: 166764   Dual objective     =       1249290.512411
Iteration: 168059   Dual objective     =       1253887.849374
Iteration: 169059   Dual objective     =       1258531.842439
Iteration: 170259   Dual objective     =       1262330.647083
Iteration: 171476   Dual objective     =       1267008.863277
Iteration: 172620   Dual objective     =       1270885.693690
Iteration: 173761   Dual objective     =       1274375.676139
Iteration: 174865   Dual objective     =       1277996.213353
Iteration: 176010   Dual objective     =       1281297.205871
Iteration: 177106   Dual objective     =       1283968.417764
Iteration: 178219   Dual objective     =       1286802.464547
Iteration: 179483   Dual objective     =       1289574.340180
Iteration: 180804   Dual objective     =       1294365.077567
Iteration: 181892   Dual objective     =       1296995.591434
Iteration: 182792   Dual objective     =       1299862.719333
Iteration: 183996   Dual objective     =       1302382.391158
Iteration: 185275   Dual objective     =       1304686.730576
Iteration: 186428   Dual objective     =       1307136.935353
Iteration: 187567   Dual objective     =       1309560.410500
Iteration: 188512   Dual objective     =       1310973.938267
Iteration: 189697   Dual objective     =       1312415.811292
Iteration: 190729   Dual objective     =       1314055.625958
Iteration: 191791   Dual objective     =       1315250.673216
Iteration: 192995   Dual objective     =       1316385.192294
Iteration: 194134   Dual objective     =       1317817.272798
Iteration: 195140   Dual objective     =       1319081.884600
Elapsed time = 220.67 sec. (30061.28 ticks, 196164 iterations)
Iteration: 196212   Dual objective     =       1320357.992561
Iteration: 197424   Dual objective     =       1321566.542882
Iteration: 198386   Dual objective     =       1322364.495541
Iteration: 199427   Dual objective     =       1323579.809158
Iteration: 200459   Dual objective     =       1324860.486184
Iteration: 201523   Dual objective     =       1326058.185478
Iteration: 202415   Dual objective     =       1326942.910566
Iteration: 203336   Dual objective     =       1327534.201459
Iteration: 204539   Dual objective     =       1328210.375526
Iteration: 205596   Dual objective     =       1328847.995668
Iteration: 206613   Dual objective     =       1329677.260380
Iteration: 207544   Dual objective     =       1330252.694812
Iteration: 208455   Dual objective     =       1330687.203657
Iteration: 209419   Dual objective     =       1331044.800868
Iteration: 210152   Dual objective     =       1331330.850807
Iteration: 210917   Dual objective     =       1331654.921717
Iteration: 211780   Dual objective     =       1331821.441356
Iteration: 212607   Dual objective     =       1332374.967560
Iteration: 213388   Dual objective     =       1332677.611352
Iteration: 214184   Dual objective     =       1332869.674459
Iteration: 215176   Dual objective     =       1333027.651135
Iteration: 216023   Dual objective     =       1333189.730747
Iteration: 217108   Dual objective     =       1333255.292656
Iteration: 218025   Dual objective     =       1333334.156295
Iteration: 219004   Dual objective     =       1333367.306637
Iteration: 219834   Dual objective     =       1333378.631337
Removing perturbation.
Iteration: 219863    Objective     =       1333336.294634

Dual simplex solved model.


Dual simplex - Optimal:  Objective =  1.3333362904e+06
Solution time =  509.34 sec.  Iterations = 219872 (0)
Deterministic time = 40257.27 ticks  (79.04 ticks/sec)

Version identifier: 22.1.1.0 | 2022-11-27 | 9160aff4d
CPXPARAM_Threads                                 4
CPXPARAM_Parallel                                1
CPXPARAM_RandomSeed                              12345

Dual simplex - Optimal:  Objective =  1.3333362904e+06
Solution time =    0.03 sec.  Iterations = 219872 (0)
Deterministic time = 6.63 ticks  (213.89 ticks/sec)


Solution written to file 'C:\Users\ClimateLeadGroup\Desktop\CLG_repositories\OSTRAM\t1_confection\Executables\C_Target_VRE_0\Pre_processed_C_Target_VRE_0_NoStorage_OpenBCK_RMCarefulXLSX_output.feasopt.sol'.

Solution written to file 'C:\Users\ClimateLeadGroup\Desktop\CLG_repositories\OSTRAM\t1_confection\Executables\C_Target_VRE_0\Pre_processed_C_Target_VRE_0_NoStorage_OpenBCK_RMCarefulXLSX_output.sol'.
