
Log started (V22.1.2.0) Mon May 25 22:23:29 2026


Problem 'C:\Users\luisfernando\Desktop\OSeMOSYS\OSTRAM_latest\t1_confection\Executables\B_Optimised_VRE_0\Pre_processed_B_Optimised_VRE_0_OpenBCK_RMCarefulXLSX_output.lp' read.
Read time = 4.05 sec. (120.66 ticks)
New value for default parallel thread count: 4
New value for seed to initialize the random number generator: 12345
New value for parallel optimization mode: 1
Version identifier: 22.1.2.0 | 2024-11-25 | 0edbb82fd
CPXPARAM_Threads                                 4
CPXPARAM_Parallel                                1
CPXPARAM_RandomSeed                              12345
Parallel mode: deterministic, using up to 4 threads for concurrent optimization:
 * Starting dual Simplex on 1 thread...
 * Starting Barrier on 3 threads...
Tried aggregator 1 time.
LP Presolve eliminated 399824 rows and 251691 columns.
Aggregator did 6173 substitutions.
Reduced LP has 173772 rows, 140072 columns, and 2569919 nonzeros.
Presolve time = 1.64 sec. (1126.05 ticks)
Initializing dual steep norms . . .

Iteration log . . .
Iteration:     1   Dual objective     =        238590.942115
Iteration:  1092   Dual objective     =        256133.305355
Iteration:  2292   Dual objective     =        272769.490813
Iteration:  3538   Dual objective     =        280629.716442
Iteration:  4601   Dual objective     =        285580.085663
Iteration:  5752   Dual objective     =        300048.999179
Iteration:  6656   Dual objective     =        303691.796545
Iteration:  7845   Dual objective     =        326516.323300
Iteration:  8901   Dual objective     =        348902.130330
Iteration: 10064   Dual objective     =        356995.999702
Iteration: 11240   Dual objective     =       1935905.734523
Iteration: 12383   Dual objective     =       1950120.376601
Iteration: 13533   Dual objective     =       1961958.639041
Iteration: 14588   Dual objective     =       2101918.453830
Iteration: 15706   Dual objective     =       9088300.136385
Iteration: 16775   Dual objective     =       9097435.093745
Iteration: 17894   Dual objective     =      21608705.855624
Iteration: 18977   Dual objective     =      21627535.023764
Iteration: 20145   Dual objective     =      33140097.848535
Iteration: 21280   Dual objective     =      33382540.806176
Iteration: 22369   Dual objective     =      40575848.632164
Iteration: 23581   Dual objective     =      51900373.411124
Iteration: 24725   Dual objective     =      60729139.609136
Iteration: 25806   Dual objective     =      75040797.242293
Iteration: 26932   Dual objective     =      78763398.111004
Iteration: 28014   Dual objective     =      81424390.376076
Iteration: 29179   Dual objective     =      81479831.143667
Iteration: 30300   Dual objective     =      87865017.468985
Iteration: 31454   Dual objective     =      87899809.480934
Iteration: 32597   Dual objective     =      87917787.112436
Iteration: 33597   Dual objective     =      88118436.855380
Iteration: 34644   Dual objective     =      88144666.274744
Iteration: 35711   Dual objective     =     124576782.817315
Iteration: 36724   Dual objective     =     124614600.255670
Iteration: 37713   Dual objective     =     124741276.982505
Iteration: 38764   Dual objective     =     124964347.667195
Iteration: 39845   Dual objective     =     142770128.256548
Iteration: 40930   Dual objective     =     143300091.422476
Iteration: 41959   Dual objective     =     157039473.862161
Iteration: 43001   Dual objective     =     164074105.167791
Iteration: 43944   Dual objective     =     166669296.283439
Iteration: 44983   Dual objective     =     221943495.656932
Iteration: 46054   Dual objective     =     233738108.053111
Iteration: 47099   Dual objective     =     249385877.179406
Iteration: 48135   Dual objective     =     266453456.131503
Iteration: 49227   Dual objective     =     274444697.231865
Iteration: 50241   Dual objective     =     313795358.339205
Iteration: 51291   Dual objective     =     358212044.968316
Iteration: 52438   Dual objective     =     392408961.831182
Iteration: 53506   Dual objective     =     413494502.734159
Iteration: 54621   Dual objective     =     424099571.205752
Iteration: 55804   Dual objective     =     427887436.066776
Iteration: 57011   Dual objective     =     434489569.954468
Iteration: 58228   Dual objective     =     487082251.586534
Iteration: 59440   Dual objective     =     498777500.995259
Iteration: 60706   Dual objective     =     514013384.006441
Iteration: 61982   Dual objective     =     514338993.997094
Iteration: 63216   Dual objective     =     522640743.392100
Iteration: 64564   Dual objective     =     538600402.232342
Iteration: 65857   Dual objective     =     538817687.140854
Iteration: 67350   Dual objective     =     542630534.344963
Iteration: 68544   Dual objective     =     542898726.304762
Iteration: 70094   Dual objective     =     548231303.818822
Iteration: 71151   Dual objective     =     548352932.719757
Iteration: 72467   Dual objective     =     585553450.894342
Iteration: 73910   Dual objective     =     591736361.432341
Iteration: 75342   Dual objective     =     591765717.204663
Iteration: 76714   Dual objective     =     591805102.468349
Iteration: 77905   Dual objective     =     592464833.145771
Iteration: 79337   Dual objective     =     668350369.131402
Iteration: 80743   Dual objective     =     669627710.740226
Iteration: 82277   Dual objective     =     692455111.150329
Iteration: 83583   Dual objective     =     704346319.226425
Iteration: 84536   Dual objective     =     747611247.274454
Iteration: 85825   Dual objective     =     774079488.103713
Iteration: 87136   Dual objective     =     774798554.812481
Iteration: 88357   Dual objective     =     791302187.294563
Iteration: 89471   Dual objective     =     843244864.550660
Iteration: 90460   Dual objective     =     843425267.230155
Perturbation started.
Iteration: 91510   Dual objective     =     843828776.065779
Iteration: 92482   Dual objective     =     843915331.562318
Iteration: 93338   Dual objective     =     847926872.415754
Iteration: 94216   Dual objective     =     848337552.492416
Iteration: 96013   Dual objective     =     937943503.150742
Iteration: 97162   Dual objective     =     953643801.748912
Iteration: 98616   Dual objective     =     961093305.116022
Iteration: 100061   Dual objective     =     990563626.438456
Iteration: 101591   Dual objective     =    1063594725.273145
Iteration: 103246   Dual objective     =    1115015683.985140
Iteration: 104796   Dual objective     =    1135913397.076661
Iteration: 106322   Dual objective     =    1253344568.749443
Iteration: 107461   Dual objective     =    1280583023.828764
Iteration: 108951   Dual objective     =    1332985685.863526
Iteration: 110562   Dual objective     =    1450956226.119035
Iteration: 111863   Dual objective     =    1457516984.445004
Iteration: 113393   Dual objective     =    1565370197.242944
Iteration: 115208   Dual objective     =    1610676387.336273
Iteration: 116863   Dual objective     =    1611530110.211622
Iteration: 118211   Dual objective     =    1622729554.391802
Iteration: 119704   Dual objective     =    1623519470.255603
Iteration: 121127   Dual objective     =    1660418260.592306
Iteration: 122833   Dual objective     =    1737134214.290252
Elapsed time = 12.97 sec. (10000.06 ticks, 124179 iterations)
Iteration: 124454   Dual objective     =    1738111582.330290
Iteration: 125928   Dual objective     =    1738114436.930499
Iteration: 127724   Dual objective     =    1845933217.180004
Iteration: 129110   Dual objective     =    1858408568.738020
Iteration: 130560   Dual objective     =    1905953243.040674
Iteration: 132049   Dual objective     =    1925381368.264948
Iteration: 133522   Dual objective     =    1936861614.301148
Iteration: 134973   Dual objective     =    1938193940.601405
Iteration: 136445   Dual objective     =    1999421471.745748
Iteration: 138180   Dual objective     =    2095953717.657678
Iteration: 139739   Dual objective     =    2102878685.645820
Iteration: 141258   Dual objective     =    2146405877.286103
Iteration: 142850   Dual objective     =    2151291893.067751
Iteration: 144363   Dual objective     =    2156213951.466946
Iteration: 145787   Dual objective     =    2158143261.808764
Iteration: 147318   Dual objective     =    2176221391.410730
Iteration: 148652   Dual objective     =    2201631722.689338
Iteration: 150304   Dual objective     =    2226129536.724843
Iteration: 151962   Dual objective     =    2236146661.937673
Iteration: 153551   Dual objective     =    2249241143.106169
Iteration: 155004   Dual objective     =    2262309273.170193
Iteration: 156729   Dual objective     =    2264566813.717842
Iteration: 158234   Dual objective     =    2266011341.157921
Iteration: 159837   Dual objective     =    2274973011.478967
Iteration: 161304   Dual objective     =    2275501439.065893
Iteration: 162919   Dual objective     =    2276180663.692033
Iteration: 164491   Dual objective     =    2285723725.966915
Iteration: 165980   Dual objective     =    2287738590.404226
Iteration: 167475   Dual objective     =    2306214698.523123
Iteration: 169001   Dual objective     =    2314419082.473350
Iteration: 170534   Dual objective     =    2314924770.738898
Iteration: 171935   Dual objective     =    2315186167.271669
Iteration: 173677   Dual objective     =    2316662130.831471
Iteration: 175231   Dual objective     =    2320511439.632691
Iteration: 176759   Dual objective     =    2323155774.118949
Iteration: 178342   Dual objective     =    2323723816.290462
Iteration: 179885   Dual objective     =    2324082298.669325
Iteration: 181275   Dual objective     =    2324103137.674031
Iteration: 183092   Dual objective     =    2324122630.900275
Iteration: 184795   Dual objective     =    2324157648.448025
Iteration: 186581   Dual objective     =    2324271048.836735
Iteration: 188413   Dual objective     =    2324281190.803246
Iteration: 190200   Dual objective     =    2324291654.162896
Iteration: 191565   Dual objective     =    2324310202.576549
Iteration: 192875   Dual objective     =    2324317393.784084
Iteration: 194297   Dual objective     =    2324333752.543471
Iteration: 195545   Dual objective     =    2324345411.276516
Iteration: 197065   Dual objective     =    2324373590.626971
Iteration: 198566   Dual objective     =    2324388642.402807
Iteration: 199884   Dual objective     =    2324401350.964003
Iteration: 201184   Dual objective     =    2324415509.779859
Iteration: 202587   Dual objective     =    2324425176.339537
Iteration: 203796   Dual objective     =    2324429578.379313
Iteration: 205049   Dual objective     =    2324436141.044235
Iteration: 206461   Dual objective     =    2324449625.409370
Iteration: 207781   Dual objective     =    2324471376.898738
Removing perturbation.
Iteration: 209087    Objective     =    2324471812.140515

Dual simplex solved model.


Dual simplex - Optimal:  Objective =  2.3244718121e+09
Solution time =   25.33 sec.  Iterations = 209113 (0)
Deterministic time = 18629.29 ticks  (735.52 ticks/sec)

Version identifier: 22.1.2.0 | 2024-11-25 | 0edbb82fd
CPXPARAM_Threads                                 4
CPXPARAM_Parallel                                1
CPXPARAM_RandomSeed                              12345

Dual simplex - Optimal:  Objective =  2.3244718121e+09
Solution time =    0.01 sec.  Iterations = 209113 (0)
Deterministic time = 8.04 ticks  (536.33 ticks/sec)


Solution written to file 'C:\Users\luisfernando\Desktop\OSeMOSYS\OSTRAM_latest\t1_confection\Executables\B_Optimised_VRE_0\Pre_processed_B_Optimised_VRE_0_OpenBCK_RMCarefulXLSX_output.feasopt.sol'.

Solution written to file 'C:\Users\luisfernando\Desktop\OSeMOSYS\OSTRAM_latest\t1_confection\Executables\B_Optimised_VRE_0\Pre_processed_B_Optimised_VRE_0_OpenBCK_RMCarefulXLSX_output.sol'.

Log started (V22.1.2.0) Mon May 25 22:51:58 2026


Problem 'C:\Users\luisfernando\Desktop\OSeMOSYS\OSTRAM_latest\t1_confection\Executables\B_Optimised_VRE_0\Pre_processed_B_Optimised_VRE_0_OpenBCK_RMCarefulXLSX_output.lp' read.
Read time = 4.41 sec. (120.66 ticks)
New value for default parallel thread count: 4
New value for seed to initialize the random number generator: 12345
New value for parallel optimization mode: 1
Version identifier: 22.1.2.0 | 2024-11-25 | 0edbb82fd
CPXPARAM_Threads                                 4
CPXPARAM_Parallel                                1
CPXPARAM_RandomSeed                              12345
Parallel mode: deterministic, using up to 4 threads for concurrent optimization:
 * Starting dual Simplex on 1 thread...
 * Starting Barrier on 3 threads...
Tried aggregator 1 time.
LP Presolve eliminated 399824 rows and 251691 columns.
Aggregator did 6173 substitutions.
Reduced LP has 173772 rows, 140072 columns, and 2569919 nonzeros.
Presolve time = 1.59 sec. (1126.05 ticks)
Initializing dual steep norms . . .

Iteration log . . .
Iteration:     1   Dual objective     =        238590.942115
Iteration:  1092   Dual objective     =        256133.305355
Iteration:  2292   Dual objective     =        272769.490813
Iteration:  3538   Dual objective     =        280629.716442
Iteration:  4601   Dual objective     =        285580.085663
Iteration:  5752   Dual objective     =        300048.999179
Iteration:  6656   Dual objective     =        303691.796545
Iteration:  7845   Dual objective     =        326516.323300
Iteration:  8901   Dual objective     =        348902.130330
Iteration: 10064   Dual objective     =        356995.999702
Iteration: 11240   Dual objective     =       1935905.734523
Iteration: 12383   Dual objective     =       1950120.376601
Iteration: 13533   Dual objective     =       1961958.639041
Iteration: 14588   Dual objective     =       2101918.453830
Iteration: 15706   Dual objective     =       9088300.136385
Iteration: 16775   Dual objective     =       9097435.093745
Iteration: 17894   Dual objective     =      21608705.855624
Iteration: 18977   Dual objective     =      21627535.023764
Iteration: 20145   Dual objective     =      33140097.848535
Iteration: 21280   Dual objective     =      33382540.806176
Iteration: 22369   Dual objective     =      40575848.632164
Iteration: 23581   Dual objective     =      51900373.411124
Iteration: 24725   Dual objective     =      60729139.609136
Iteration: 25806   Dual objective     =      75040797.242293
Iteration: 26932   Dual objective     =      78763398.111004
Iteration: 28014   Dual objective     =      81424390.376076
Iteration: 29179   Dual objective     =      81479831.143667
Iteration: 30300   Dual objective     =      87865017.468985
Iteration: 31454   Dual objective     =      87899809.480934
Iteration: 32597   Dual objective     =      87917787.112436
Iteration: 33597   Dual objective     =      88118436.855380
Iteration: 34644   Dual objective     =      88144666.274744
Iteration: 35711   Dual objective     =     124576782.817315
Iteration: 36724   Dual objective     =     124614600.255670
Iteration: 37713   Dual objective     =     124741276.982505
Iteration: 38764   Dual objective     =     124964347.667195
Iteration: 39845   Dual objective     =     142770128.256548
Iteration: 40930   Dual objective     =     143300091.422476
Iteration: 41959   Dual objective     =     157039473.862161
Iteration: 43001   Dual objective     =     164074105.167791
Iteration: 43944   Dual objective     =     166669296.283439
Iteration: 44983   Dual objective     =     221943495.656932
Iteration: 46054   Dual objective     =     233738108.053111
Iteration: 47099   Dual objective     =     249385877.179406
Iteration: 48135   Dual objective     =     266453456.131503
Iteration: 49227   Dual objective     =     274444697.231865
Iteration: 50241   Dual objective     =     313795358.339205
Iteration: 51291   Dual objective     =     358212044.968316
Iteration: 52438   Dual objective     =     392408961.831182
Iteration: 53506   Dual objective     =     413494502.734159
Iteration: 54621   Dual objective     =     424099571.205752
Iteration: 55804   Dual objective     =     427887436.066776
Iteration: 57011   Dual objective     =     434489569.954468
Iteration: 58228   Dual objective     =     487082251.586534
Iteration: 59440   Dual objective     =     498777500.995259
Iteration: 60706   Dual objective     =     514013384.006441
Iteration: 61982   Dual objective     =     514338993.997094
Iteration: 63216   Dual objective     =     522640743.392100
Iteration: 64564   Dual objective     =     538600402.232342
Iteration: 65857   Dual objective     =     538817687.140854
Iteration: 67350   Dual objective     =     542630534.344963
Iteration: 68544   Dual objective     =     542898726.304762
Iteration: 70094   Dual objective     =     548231303.818822
Iteration: 71151   Dual objective     =     548352932.719757
Iteration: 72467   Dual objective     =     585553450.894342
Iteration: 73910   Dual objective     =     591736361.432341
Iteration: 75342   Dual objective     =     591765717.204663
Iteration: 76714   Dual objective     =     591805102.468349
Iteration: 77905   Dual objective     =     592464833.145771
Iteration: 79337   Dual objective     =     668350369.131402
Iteration: 80743   Dual objective     =     669627710.740226
Iteration: 82277   Dual objective     =     692455111.150329
Iteration: 83583   Dual objective     =     704346319.226425
Iteration: 84536   Dual objective     =     747611247.274454
Iteration: 85825   Dual objective     =     774079488.103713
Iteration: 87136   Dual objective     =     774798554.812481
Iteration: 88357   Dual objective     =     791302187.294563
Iteration: 89471   Dual objective     =     843244864.550660
Iteration: 90460   Dual objective     =     843425267.230155
Perturbation started.
Iteration: 91510   Dual objective     =     843828776.065779
Iteration: 92482   Dual objective     =     843915331.562318
Iteration: 93338   Dual objective     =     847926872.415754
Iteration: 94216   Dual objective     =     848337552.492416
Iteration: 96013   Dual objective     =     937943503.150742
Iteration: 97162   Dual objective     =     953643801.748912
Iteration: 98616   Dual objective     =     961093305.116022
Iteration: 100061   Dual objective     =     990563626.438456
Iteration: 101591   Dual objective     =    1063594725.273145
Iteration: 103246   Dual objective     =    1115015683.985140
Iteration: 104796   Dual objective     =    1135913397.076661
Iteration: 106322   Dual objective     =    1253344568.749443
Iteration: 107461   Dual objective     =    1280583023.828764
Iteration: 108951   Dual objective     =    1332985685.863526
Iteration: 110562   Dual objective     =    1450956226.119035
Iteration: 111863   Dual objective     =    1457516984.445004
Iteration: 113393   Dual objective     =    1565370197.242944
Iteration: 115208   Dual objective     =    1610676387.336273
Iteration: 116863   Dual objective     =    1611530110.211622
Iteration: 118211   Dual objective     =    1622729554.391802
Iteration: 119704   Dual objective     =    1623519470.255603
Iteration: 121127   Dual objective     =    1660418260.592306
Iteration: 122833   Dual objective     =    1737134214.290252
Elapsed time = 14.98 sec. (10000.06 ticks, 124179 iterations)
Iteration: 124454   Dual objective     =    1738111582.330290
Iteration: 125928   Dual objective     =    1738114436.930499
Iteration: 127724   Dual objective     =    1845933217.180004
Iteration: 129110   Dual objective     =    1858408568.738020
Iteration: 130560   Dual objective     =    1905953243.040674
Iteration: 132049   Dual objective     =    1925381368.264948
Iteration: 133522   Dual objective     =    1936861614.301148
Iteration: 134973   Dual objective     =    1938193940.601405
Iteration: 136445   Dual objective     =    1999421471.745748
Iteration: 138180   Dual objective     =    2095953717.657678
Iteration: 139739   Dual objective     =    2102878685.645820
Iteration: 141258   Dual objective     =    2146405877.286103
Iteration: 142850   Dual objective     =    2151291893.067751
Iteration: 144363   Dual objective     =    2156213951.466946
Iteration: 145787   Dual objective     =    2158143261.808764
Iteration: 147318   Dual objective     =    2176221391.410730
Iteration: 148652   Dual objective     =    2201631722.689338
Iteration: 150304   Dual objective     =    2226129536.724843
Iteration: 151962   Dual objective     =    2236146661.937673
Iteration: 153551   Dual objective     =    2249241143.106169
Iteration: 155004   Dual objective     =    2262309273.170193
Iteration: 156729   Dual objective     =    2264566813.717842
Iteration: 158234   Dual objective     =    2266011341.157921
Iteration: 159837   Dual objective     =    2274973011.478967
Iteration: 161304   Dual objective     =    2275501439.065893
Iteration: 162919   Dual objective     =    2276180663.692033
Iteration: 164491   Dual objective     =    2285723725.966915
Iteration: 165980   Dual objective     =    2287738590.404226
Iteration: 167475   Dual objective     =    2306214698.523123
Iteration: 169001   Dual objective     =    2314419082.473350
Iteration: 170534   Dual objective     =    2314924770.738898
Iteration: 171935   Dual objective     =    2315186167.271669
Iteration: 173677   Dual objective     =    2316662130.831471
Iteration: 175231   Dual objective     =    2320511439.632691
Iteration: 176759   Dual objective     =    2323155774.118949
Iteration: 178342   Dual objective     =    2323723816.290462
Iteration: 179885   Dual objective     =    2324082298.669325
Iteration: 181275   Dual objective     =    2324103137.674031
Iteration: 183092   Dual objective     =    2324122630.900275
Iteration: 184795   Dual objective     =    2324157648.448025
Iteration: 186581   Dual objective     =    2324271048.836735
Iteration: 188413   Dual objective     =    2324281190.803246
Iteration: 190200   Dual objective     =    2324291654.162896
Iteration: 191565   Dual objective     =    2324310202.576549
Iteration: 192875   Dual objective     =    2324317393.784084
Iteration: 194297   Dual objective     =    2324333752.543471
Iteration: 195545   Dual objective     =    2324345411.276516
Iteration: 197065   Dual objective     =    2324373590.626971
Iteration: 198566   Dual objective     =    2324388642.402807
Iteration: 199884   Dual objective     =    2324401350.964003
Iteration: 201184   Dual objective     =    2324415509.779859
Iteration: 202587   Dual objective     =    2324425176.339537
Iteration: 203796   Dual objective     =    2324429578.379313
Iteration: 205049   Dual objective     =    2324436141.044235
Iteration: 206461   Dual objective     =    2324449625.409370
Iteration: 207781   Dual objective     =    2324471376.898738
Removing perturbation.
Iteration: 209087    Objective     =    2324471812.140515

Dual simplex solved model.


Dual simplex - Optimal:  Objective =  2.3244718121e+09
Solution time =   28.95 sec.  Iterations = 209113 (0)
Deterministic time = 18629.29 ticks  (643.43 ticks/sec)

Version identifier: 22.1.2.0 | 2024-11-25 | 0edbb82fd
CPXPARAM_Threads                                 4
CPXPARAM_Parallel                                1
CPXPARAM_RandomSeed                              12345

Dual simplex - Optimal:  Objective =  2.3244718121e+09
Solution time =    0.02 sec.  Iterations = 209113 (0)
Deterministic time = 8.04 ticks  (502.81 ticks/sec)


Solution written to file 'C:\Users\luisfernando\Desktop\OSeMOSYS\OSTRAM_latest\t1_confection\Executables\B_Optimised_VRE_0\Pre_processed_B_Optimised_VRE_0_OpenBCK_RMCarefulXLSX_output.feasopt.sol'.

Solution written to file 'C:\Users\luisfernando\Desktop\OSeMOSYS\OSTRAM_latest\t1_confection\Executables\B_Optimised_VRE_0\Pre_processed_B_Optimised_VRE_0_OpenBCK_RMCarefulXLSX_output.sol'.

Log started (V22.1.2.0) Mon May 25 23:54:47 2026


Problem 'C:\Users\luisfernando\Desktop\OSeMOSYS\OSTRAM_latest\t1_confection\Executables\B_Optimised_VRE_0\Pre_processed_B_Optimised_VRE_0_OpenBCK_RMCarefulXLSX_output.lp' read.
Read time = 4.31 sec. (120.66 ticks)
New value for default parallel thread count: 4
New value for seed to initialize the random number generator: 12345
New value for parallel optimization mode: 1
Version identifier: 22.1.2.0 | 2024-11-25 | 0edbb82fd
CPXPARAM_Threads                                 4
CPXPARAM_Parallel                                1
CPXPARAM_RandomSeed                              12345
Parallel mode: deterministic, using up to 4 threads for concurrent optimization:
 * Starting dual Simplex on 1 thread...
 * Starting Barrier on 3 threads...
Tried aggregator 1 time.
LP Presolve eliminated 399824 rows and 251691 columns.
Aggregator did 6173 substitutions.
Reduced LP has 173772 rows, 140072 columns, and 2569919 nonzeros.
Presolve time = 1.84 sec. (1126.05 ticks)
Initializing dual steep norms . . .

Iteration log . . .
Iteration:     1   Dual objective     =        238590.942115
Iteration:  1092   Dual objective     =        256133.305355
Iteration:  2292   Dual objective     =        272769.490813
Iteration:  3538   Dual objective     =        280629.716442
Iteration:  4601   Dual objective     =        285580.085663
Iteration:  5752   Dual objective     =        300048.999179
Iteration:  6656   Dual objective     =        303691.796545
Iteration:  7845   Dual objective     =        326516.323300
Iteration:  8901   Dual objective     =        348902.130330
Iteration: 10064   Dual objective     =        356995.999702
Iteration: 11240   Dual objective     =       1935905.734523
Iteration: 12383   Dual objective     =       1950120.376601
Iteration: 13533   Dual objective     =       1961958.639041
Iteration: 14588   Dual objective     =       2101918.453830
Iteration: 15706   Dual objective     =       9088300.136385
Iteration: 16775   Dual objective     =       9097435.093745
Iteration: 17894   Dual objective     =      21608705.855624
Iteration: 18977   Dual objective     =      21627535.023764
Iteration: 20145   Dual objective     =      33140097.848535
Iteration: 21280   Dual objective     =      33382540.806176
Iteration: 22369   Dual objective     =      40575848.632164
Iteration: 23581   Dual objective     =      51900373.411124
Iteration: 24725   Dual objective     =      60729139.609136
Iteration: 25806   Dual objective     =      75040797.242293
Iteration: 26932   Dual objective     =      78763398.111004
Iteration: 28014   Dual objective     =      81424390.376076
Iteration: 29179   Dual objective     =      81479831.143667
Iteration: 30300   Dual objective     =      87865017.468985
Iteration: 31454   Dual objective     =      87899809.480934
Iteration: 32597   Dual objective     =      87917787.112436
Iteration: 33597   Dual objective     =      88118436.855380
Iteration: 34644   Dual objective     =      88144666.274744
Iteration: 35711   Dual objective     =     124576782.817315
Iteration: 36724   Dual objective     =     124614600.255670
Iteration: 37713   Dual objective     =     124741276.982505
Iteration: 38764   Dual objective     =     124964347.667195
Iteration: 39845   Dual objective     =     142770128.256548
Iteration: 40930   Dual objective     =     143300091.422476
Iteration: 41959   Dual objective     =     157039473.862161
Iteration: 43001   Dual objective     =     164074105.167791
Iteration: 43944   Dual objective     =     166669296.283439
Iteration: 44983   Dual objective     =     221943495.656932
Iteration: 46054   Dual objective     =     233738108.053111
Iteration: 47099   Dual objective     =     249385877.179406
Iteration: 48135   Dual objective     =     266453456.131503
Iteration: 49227   Dual objective     =     274444697.231865
Iteration: 50241   Dual objective     =     313795358.339205
Iteration: 51291   Dual objective     =     358212044.968316
Iteration: 52438   Dual objective     =     392408961.831182
Iteration: 53506   Dual objective     =     413494502.734159
Iteration: 54621   Dual objective     =     424099571.205752
Iteration: 55804   Dual objective     =     427887436.066776
Iteration: 57011   Dual objective     =     434489569.954468
Iteration: 58228   Dual objective     =     487082251.586534
Iteration: 59440   Dual objective     =     498777500.995259
Iteration: 60706   Dual objective     =     514013384.006441
Iteration: 61982   Dual objective     =     514338993.997094
Iteration: 63216   Dual objective     =     522640743.392100
Iteration: 64564   Dual objective     =     538600402.232342
Iteration: 65857   Dual objective     =     538817687.140854
Iteration: 67350   Dual objective     =     542630534.344963
Iteration: 68544   Dual objective     =     542898726.304762
Iteration: 70094   Dual objective     =     548231303.818822
Iteration: 71151   Dual objective     =     548352932.719757
Iteration: 72467   Dual objective     =     585553450.894342
Iteration: 73910   Dual objective     =     591736361.432341
Iteration: 75342   Dual objective     =     591765717.204663
Iteration: 76714   Dual objective     =     591805102.468349
Iteration: 77905   Dual objective     =     592464833.145771
Iteration: 79337   Dual objective     =     668350369.131402
Iteration: 80743   Dual objective     =     669627710.740226
Iteration: 82277   Dual objective     =     692455111.150329
Iteration: 83583   Dual objective     =     704346319.226425
Iteration: 84536   Dual objective     =     747611247.274454
Iteration: 85825   Dual objective     =     774079488.103713
Iteration: 87136   Dual objective     =     774798554.812481
Iteration: 88357   Dual objective     =     791302187.294563
Iteration: 89471   Dual objective     =     843244864.550660
Iteration: 90460   Dual objective     =     843425267.230155
Perturbation started.
Iteration: 91510   Dual objective     =     843828776.065779
Iteration: 92482   Dual objective     =     843915331.562318
Iteration: 93338   Dual objective     =     847926872.415754
Iteration: 94216   Dual objective     =     848337552.492416
Iteration: 96013   Dual objective     =     937943503.150742
Iteration: 97162   Dual objective     =     953643801.748912
Iteration: 98616   Dual objective     =     961093305.116022
Iteration: 100061   Dual objective     =     990563626.438456
Iteration: 101591   Dual objective     =    1063594725.273145
Iteration: 103246   Dual objective     =    1115015683.985140
Iteration: 104796   Dual objective     =    1135913397.076661
Iteration: 106322   Dual objective     =    1253344568.749443
Iteration: 107461   Dual objective     =    1280583023.828764
Iteration: 108951   Dual objective     =    1332985685.863526
Iteration: 110562   Dual objective     =    1450956226.119035
Iteration: 111863   Dual objective     =    1457516984.445004
Iteration: 113393   Dual objective     =    1565370197.242944
Iteration: 115208   Dual objective     =    1610676387.336273
Iteration: 116863   Dual objective     =    1611530110.211622
Iteration: 118211   Dual objective     =    1622729554.391802
Iteration: 119704   Dual objective     =    1623519470.255603
Iteration: 121127   Dual objective     =    1660418260.592306
Iteration: 122833   Dual objective     =    1737134214.290252
Elapsed time = 14.95 sec. (10000.06 ticks, 124179 iterations)
Iteration: 124454   Dual objective     =    1738111582.330290
Iteration: 125928   Dual objective     =    1738114436.930499
Iteration: 127724   Dual objective     =    1845933217.180004
Iteration: 129110   Dual objective     =    1858408568.738020
Iteration: 130560   Dual objective     =    1905953243.040674
Iteration: 132049   Dual objective     =    1925381368.264948
Iteration: 133522   Dual objective     =    1936861614.301148
Iteration: 134973   Dual objective     =    1938193940.601405
Iteration: 136445   Dual objective     =    1999421471.745748
Iteration: 138180   Dual objective     =    2095953717.657678
Iteration: 139739   Dual objective     =    2102878685.645820
Iteration: 141258   Dual objective     =    2146405877.286103
Iteration: 142850   Dual objective     =    2151291893.067751
Iteration: 144363   Dual objective     =    2156213951.466946
Iteration: 145787   Dual objective     =    2158143261.808764
Iteration: 147318   Dual objective     =    2176221391.410730
Iteration: 148652   Dual objective     =    2201631722.689338
Iteration: 150304   Dual objective     =    2226129536.724843
Iteration: 151962   Dual objective     =    2236146661.937673
Iteration: 153551   Dual objective     =    2249241143.106169
Iteration: 155004   Dual objective     =    2262309273.170193
Iteration: 156729   Dual objective     =    2264566813.717842
Iteration: 158234   Dual objective     =    2266011341.157921
Iteration: 159837   Dual objective     =    2274973011.478967
Iteration: 161304   Dual objective     =    2275501439.065893
Iteration: 162919   Dual objective     =    2276180663.692033
Iteration: 164491   Dual objective     =    2285723725.966915
Iteration: 165980   Dual objective     =    2287738590.404226
Iteration: 167475   Dual objective     =    2306214698.523123
Iteration: 169001   Dual objective     =    2314419082.473350
Iteration: 170534   Dual objective     =    2314924770.738898
Iteration: 171935   Dual objective     =    2315186167.271669
Iteration: 173677   Dual objective     =    2316662130.831471
Iteration: 175231   Dual objective     =    2320511439.632691
Iteration: 176759   Dual objective     =    2323155774.118949
Iteration: 178342   Dual objective     =    2323723816.290462
Iteration: 179885   Dual objective     =    2324082298.669325
Iteration: 181275   Dual objective     =    2324103137.674031
Iteration: 183092   Dual objective     =    2324122630.900275
Iteration: 184795   Dual objective     =    2324157648.448025
Iteration: 186581   Dual objective     =    2324271048.836735
Iteration: 188413   Dual objective     =    2324281190.803246
Iteration: 190200   Dual objective     =    2324291654.162896
Iteration: 191565   Dual objective     =    2324310202.576549
Iteration: 192875   Dual objective     =    2324317393.784084
Iteration: 194297   Dual objective     =    2324333752.543471
Iteration: 195545   Dual objective     =    2324345411.276516
Iteration: 197065   Dual objective     =    2324373590.626971
Iteration: 198566   Dual objective     =    2324388642.402807
Iteration: 199884   Dual objective     =    2324401350.964003
Iteration: 201184   Dual objective     =    2324415509.779859
Iteration: 202587   Dual objective     =    2324425176.339537
Iteration: 203796   Dual objective     =    2324429578.379313
Iteration: 205049   Dual objective     =    2324436141.044235
Iteration: 206461   Dual objective     =    2324449625.409370
Iteration: 207781   Dual objective     =    2324471376.898738
Removing perturbation.
Iteration: 209087    Objective     =    2324471812.140515

Dual simplex solved model.


Dual simplex - Optimal:  Objective =  2.3244718121e+09
Solution time =   29.69 sec.  Iterations = 209113 (0)
Deterministic time = 18629.29 ticks  (627.52 ticks/sec)

Version identifier: 22.1.2.0 | 2024-11-25 | 0edbb82fd
CPXPARAM_Threads                                 4
CPXPARAM_Parallel                                1
CPXPARAM_RandomSeed                              12345

Dual simplex - Optimal:  Objective =  2.3244718121e+09
Solution time =    0.02 sec.  Iterations = 209113 (0)
Deterministic time = 8.04 ticks  (502.81 ticks/sec)


Solution written to file 'C:\Users\luisfernando\Desktop\OSeMOSYS\OSTRAM_latest\t1_confection\Executables\B_Optimised_VRE_0\Pre_processed_B_Optimised_VRE_0_OpenBCK_RMCarefulXLSX_output.feasopt.sol'.

Solution written to file 'C:\Users\luisfernando\Desktop\OSeMOSYS\OSTRAM_latest\t1_confection\Executables\B_Optimised_VRE_0\Pre_processed_B_Optimised_VRE_0_OpenBCK_RMCarefulXLSX_output.sol'.

Log started (V22.1.2.0) Tue May 26 00:20:45 2026


Problem 'C:\Users\luisfernando\Desktop\OSeMOSYS\OSTRAM_latest\t1_confection\Executables\B_Optimised_VRE_0\Pre_processed_B_Optimised_VRE_0_OpenBCK_RMCarefulXLSX_output.lp' read.
Read time = 4.06 sec. (120.42 ticks)
New value for default parallel thread count: 4
New value for seed to initialize the random number generator: 12345
New value for parallel optimization mode: 1
Version identifier: 22.1.2.0 | 2024-11-25 | 0edbb82fd
CPXPARAM_Threads                                 4
CPXPARAM_Parallel                                1
CPXPARAM_RandomSeed                              12345
Parallel mode: deterministic, using up to 4 threads for concurrent optimization:
 * Starting dual Simplex on 1 thread...
 * Starting Barrier on 3 threads...
Tried aggregator 1 time.
LP Presolve eliminated 322233 rows and 204820 columns.
Aggregator did 25800 substitutions.
Reduced LP has 231764 rows, 167316 columns, and 3667276 nonzeros.
Presolve time = 1.91 sec. (1357.91 ticks)
Initializing dual steep norms . . .

Iteration log . . .
Iteration:     1   Dual objective     =        238590.942115
Iteration:   840   Dual objective     =        238613.237554
Iteration:  1820   Dual objective     =        238647.853010
Iteration:  3132   Dual objective     =        238695.690933
Iteration:  4372   Dual objective     =        238740.901860
Iteration:  5571   Dual objective     =        238783.091825
Iteration:  6736   Dual objective     =        238961.776679
Iteration:  7892   Dual objective     =        239607.996934
Iteration:  8981   Dual objective     =        239902.770739
Iteration: 10187   Dual objective     =        240120.715530
Iteration: 11369   Dual objective     =        240460.041322
Iteration: 12609   Dual objective     =        240950.480560
Iteration: 13704   Dual objective     =        242645.916562
Iteration: 14979   Dual objective     =        243957.045396
Iteration: 16199   Dual objective     =        246207.277593
Iteration: 17448   Dual objective     =        247033.221448
Iteration: 18684   Dual objective     =        248959.455434
Iteration: 19964   Dual objective     =        250366.060880
Iteration: 21238   Dual objective     =        252280.732947
Iteration: 22473   Dual objective     =        256214.413108
Iteration: 23645   Dual objective     =        260732.038408
Iteration: 24821   Dual objective     =        261924.327796
Iteration: 26069   Dual objective     =        263808.207609
Iteration: 27291   Dual objective     =        267348.622659
Iteration: 28355   Dual objective     =        269519.402818
Iteration: 29553   Dual objective     =        272060.501072
Iteration: 30702   Dual objective     =        273265.113691
Iteration: 31865   Dual objective     =        275157.124619
Iteration: 33065   Dual objective     =        277541.282679
Iteration: 34157   Dual objective     =        279113.938789
Iteration: 35252   Dual objective     =        280222.833925
Iteration: 36295   Dual objective     =        281110.445205
Iteration: 37300   Dual objective     =        281214.343855
Iteration: 38269   Dual objective     =        281681.702881
Iteration: 39249   Dual objective     =        282560.109786
Iteration: 40320   Dual objective     =        282982.011545
Iteration: 41328   Dual objective     =        283248.319353
Iteration: 42308   Dual objective     =        283703.169128
Iteration: 43238   Dual objective     =        283921.941430
Iteration: 44266   Dual objective     =        285008.023039
Iteration: 45285   Dual objective     =        285682.756954
Iteration: 46206   Dual objective     =        286184.594210
Iteration: 47198   Dual objective     =        287053.345455
Iteration: 48176   Dual objective     =        287782.255453
Iteration: 49136   Dual objective     =        289070.839279
Iteration: 50142   Dual objective     =        290111.378229
Iteration: 51086   Dual objective     =        291617.133857
Iteration: 52014   Dual objective     =        295097.667126
Iteration: 53009   Dual objective     =        295930.598151
Iteration: 53965   Dual objective     =        298097.841417
Iteration: 54887   Dual objective     =        299759.663197
Iteration: 55756   Dual objective     =        302704.975348
Iteration: 56818   Dual objective     =        304137.991849
Iteration: 57807   Dual objective     =        307525.994854
Iteration: 58703   Dual objective     =        310368.622159
Iteration: 59688   Dual objective     =        312393.007443
Iteration: 60611   Dual objective     =        316431.110453
Iteration: 61493   Dual objective     =        320605.383243
Iteration: 62392   Dual objective     =        323136.571904
Iteration: 63236   Dual objective     =        327151.990620
Iteration: 64020   Dual objective     =        336399.363883
Iteration: 64960   Dual objective     =        339807.661260
Iteration: 65888   Dual objective     =        342531.144570
Iteration: 66789   Dual objective     =        346202.676469
Iteration: 67722   Dual objective     =        351376.524968
Iteration: 68588   Dual objective     =        360228.800350
Iteration: 69551   Dual objective     =        364021.764958
Iteration: 70452   Dual objective     =        367042.595766
Iteration: 71376   Dual objective     =        370813.271844
Iteration: 72119   Dual objective     =        376641.582374
Iteration: 73043   Dual objective     =        381894.168506
Iteration: 73754   Dual objective     =        387634.151872
Iteration: 74582   Dual objective     =        392761.484436
Iteration: 75520   Dual objective     =        399895.635940
Iteration: 76452   Dual objective     =        404910.241757
Iteration: 77393   Dual objective     =        412580.453545
Iteration: 78313   Dual objective     =        420183.664678
Iteration: 79152   Dual objective     =        427172.645547
Iteration: 79967   Dual objective     =        436680.874339
Iteration: 80841   Dual objective     =        443828.449747
Iteration: 81754   Dual objective     =        447871.068805
Iteration: 82661   Dual objective     =        454289.781041
Iteration: 83453   Dual objective     =        462339.298182
Iteration: 84404   Dual objective     =        470049.814242
Iteration: 85285   Dual objective     =        482718.046347
Iteration: 86141   Dual objective     =        488858.878776
Iteration: 87003   Dual objective     =        498356.418251
Iteration: 87789   Dual objective     =        508513.918459
Iteration: 88742   Dual objective     =        516165.216636
Iteration: 89562   Dual objective     =        535781.511996
Iteration: 90541   Dual objective     =        547187.781282
Iteration: 91368   Dual objective     =        564572.933817
Iteration: 92409   Dual objective     =        579587.667567
Iteration: 93313   Dual objective     =        588793.892155
Iteration: 94304   Dual objective     =        597033.059186
Iteration: 95287   Dual objective     =        612843.133404
Iteration: 96333   Dual objective     =        629320.782730
Iteration: 97293   Dual objective     =        639631.471886
Iteration: 98173   Dual objective     =        648682.108549
Iteration: 98952   Dual objective     =        670935.757512
Iteration: 99881   Dual objective     =        686176.951957
Iteration: 100868   Dual objective     =        693678.025843
Iteration: 101907   Dual objective     =        712919.788512
Iteration: 103016   Dual objective     =        726327.334147
Elapsed time = 16.56 sec. (10024.67 ticks, 104019 iterations)
Iteration: 104019   Dual objective     =        739430.590797
Iteration: 105118   Dual objective     =        752654.502494
Iteration: 106235   Dual objective     =        765965.734132
Iteration: 107285   Dual objective     =        775572.844889
Iteration: 108385   Dual objective     =        786653.987036
Iteration: 109434   Dual objective     =        801454.450691
Iteration: 110548   Dual objective     =        822167.869416
Iteration: 111675   Dual objective     =        830284.263587
Iteration: 112722   Dual objective     =        841173.659468
Iteration: 113620   Dual objective     =        850571.724959
Iteration: 114660   Dual objective     =        861225.597772
Iteration: 115982   Dual objective     =        870847.981813
Iteration: 117324   Dual objective     =        880679.083799
Iteration: 118716   Dual objective     =        890279.921135
Iteration: 120044   Dual objective     =        905770.451958
Iteration: 121412   Dual objective     =        918712.015025
Iteration: 122638   Dual objective     =        934145.147482
Iteration: 123829   Dual objective     =        949162.312558
Iteration: 125098   Dual objective     =        973454.745774
Iteration: 126361   Dual objective     =        988718.227538
Iteration: 127615   Dual objective     =       1017615.026417
Iteration: 128819   Dual objective     =       1027372.150592
Iteration: 130007   Dual objective     =       1042805.531990
Iteration: 131242   Dual objective     =       1054804.896942
Iteration: 132540   Dual objective     =       1065671.102271
Iteration: 133813   Dual objective     =       1080964.299336
Iteration: 134994   Dual objective     =       1095481.088794
Iteration: 136318   Dual objective     =       1108286.293049
Iteration: 137607   Dual objective     =       1119203.881211
Iteration: 139007   Dual objective     =       1130970.838994
Iteration: 140656   Dual objective     =       1139969.704605
Iteration: 142021   Dual objective     =       1150789.288034
Iteration: 143519   Dual objective     =       1164773.652039
Iteration: 144808   Dual objective     =       1180356.271720
Iteration: 146024   Dual objective     =       1193391.253623
Iteration: 147324   Dual objective     =       1205399.483002
Iteration: 148676   Dual objective     =       1217583.105587
Iteration: 150105   Dual objective     =       1230525.849427
Iteration: 151376   Dual objective     =       1260413.883168
Iteration: 152668   Dual objective     =       1282676.632361
Iteration: 153991   Dual objective     =       1304840.681288
Iteration: 155412   Dual objective     =       1324314.043319
Iteration: 156688   Dual objective     =       1340557.539950
Iteration: 158132   Dual objective     =       1357589.384295
Iteration: 159309   Dual objective     =       1370966.058591
Iteration: 160708   Dual objective     =       1388368.811539
Iteration: 161986   Dual objective     =       1396888.870105
Iteration: 163287   Dual objective     =       1411692.506520
Iteration: 164683   Dual objective     =       1427253.932084
Iteration: 166169   Dual objective     =       1446110.571034
Iteration: 167631   Dual objective     =       1478263.903368
Iteration: 168979   Dual objective     =       1491581.170582
Iteration: 170331   Dual objective     =       1530142.214530
Iteration: 171567   Dual objective     =       1545757.175671
Iteration: 172852   Dual objective     =       1562029.832754
Iteration: 174234   Dual objective     =       1575174.595663
Iteration: 175520   Dual objective     =       1580746.982210
Iteration: 176790   Dual objective     =       1595151.298935
Iteration: 178049   Dual objective     =       1604476.145674
Iteration: 179725   Dual objective     =       1630434.541456
Iteration: 181255   Dual objective     =       1648430.711264
Iteration: 182784   Dual objective     =       1667218.235120
Iteration: 184311   Dual objective     =       1676489.884180
Iteration: 185626   Dual objective     =       1681944.441726
Iteration: 186755   Dual objective     =       1691508.966720
Iteration: 188076   Dual objective     =       1707220.660687
Elapsed time = 39.80 sec. (20024.80 ticks, 188568 iterations)
Iteration: 189343   Dual objective     =       1712262.753631
Iteration: 190653   Dual objective     =       1719819.451281
Iteration: 191998   Dual objective     =       1730607.660501
Iteration: 193321   Dual objective     =       1743736.486651
Iteration: 194724   Dual objective     =       1765435.769398
Iteration: 195797   Dual objective     =       1770342.742263
Iteration: 197043   Dual objective     =       1776510.283299
Iteration: 198182   Dual objective     =       1779450.693207
Iteration: 199317   Dual objective     =       1786084.384519
Iteration: 200465   Dual objective     =       1788808.870798
Iteration: 201588   Dual objective     =       1796707.416480
Iteration: 202977   Dual objective     =       1798987.127098
Iteration: 204457   Dual objective     =       1803920.474947
Iteration: 205791   Dual objective     =       1811588.087876
Iteration: 206957   Dual objective     =       1819754.638838
Iteration: 208336   Dual objective     =       1822373.680294
Iteration: 209397   Dual objective     =       1825517.583136
Iteration: 210603   Dual objective     =       1828415.068669
Iteration: 211888   Dual objective     =       1832570.412273
Iteration: 212920   Dual objective     =       1834957.398608
Iteration: 214344   Dual objective     =       1852626.921970
Iteration: 215415   Dual objective     =       1857064.705354
Iteration: 216673   Dual objective     =       1859723.620079
Iteration: 218106   Dual objective     =       1875559.117806
Iteration: 219338   Dual objective     =       1879260.999284
Iteration: 219981   Dual objective     =       1881025.253329
Iteration: 221027   Dual objective     =       1882744.272881
Iteration: 222038   Dual objective     =       1884305.788491
Iteration: 222985   Dual objective     =       1885704.896807
Iteration: 224201   Dual objective     =       1886852.645427
Iteration: 225278   Dual objective     =       1887630.360570
Iteration: 226454   Dual objective     =       1888189.072444
Iteration: 227304   Dual objective     =       1889008.029149
Iteration: 228328   Dual objective     =       1889800.433036
Iteration: 229567   Dual objective     =       1890625.100852
Markowitz threshold set to 0.1
Elapsed time = 67.78 sec. (30078.52 ticks, 229872 iterations)
Iteration: 229872   Dual objective     =       1890815.859220
Iteration: 231613   Dual objective     =       1906418.335700
Iteration: 232862   Dual objective     =       1915298.232640
Iteration: 234086   Dual objective     =       1917891.770331
Iteration: 235291   Dual objective     =       1921814.685557
Iteration: 236559   Dual objective     =       1922151.485073
Iteration: 237803   Dual objective     =       1923906.337358
Iteration: 239207   Dual objective     =       1925749.507403
Iteration: 240675   Dual objective     =       1926937.826253
Iteration: 241972   Dual objective     =       1927538.909033
Iteration: 243342   Dual objective     =       1928595.125655
Iteration: 244519   Dual objective     =       1929392.129148
Iteration: 245770   Dual objective     =       1930469.779711
Iteration: 246947   Dual objective     =       1931557.129362
Iteration: 248194   Dual objective     =       1932118.792360
Iteration: 249168   Dual objective     =       1933958.789563
Iteration: 250318   Dual objective     =       1935076.206568
Iteration: 251604   Dual objective     =       1935911.819631
Iteration: 252678   Dual objective     =       1936341.791818
Iteration: 254092   Dual objective     =       1937554.556493
Iteration: 255548   Dual objective     =       1939110.059290
Iteration: 256852   Dual objective     =       1940756.390503
Iteration: 257916   Dual objective     =       1941017.173894
Iteration: 259290   Dual objective     =       1941636.021193
Iteration: 260404   Dual objective     =       1941900.396063
Iteration: 261499   Dual objective     =       1942350.421058
Iteration: 262710   Dual objective     =       1942753.195851
Iteration: 263892   Dual objective     =       1943220.049832
Iteration: 265208   Dual objective     =       1943558.859300
Iteration: 266531   Dual objective     =       1944057.674889
Iteration: 267644   Dual objective     =       1944435.069054
Iteration: 268727   Dual objective     =       1944870.944565
Elapsed time = 98.19 sec. (40078.61 ticks, 269304 iterations)
Iteration: 270070   Dual objective     =       1945234.533171
Iteration: 271445   Dual objective     =       1945656.418933
Iteration: 272684   Dual objective     =       1946136.871844
Iteration: 274008   Dual objective     =       1946400.343252
Iteration: 275428   Dual objective     =       1947195.871999
Iteration: 276535   Dual objective     =       1947908.928883
Iteration: 277827   Dual objective     =       1948335.389245
Iteration: 279123   Dual objective     =       1948748.292961
Iteration: 280397   Dual objective     =       1948995.303162
Iteration: 281797   Dual objective     =       1949176.781071
Iteration: 283009   Dual objective     =       1949367.933775
Iteration: 284226   Dual objective     =       1949569.384540
Iteration: 285440   Dual objective     =       1950241.265824
Iteration: 286875   Dual objective     =       1950387.941890
Iteration: 288093   Dual objective     =       1950499.092746
Iteration: 289330   Dual objective     =       1950683.005271
Iteration: 290529   Dual objective     =       1950925.721817
Iteration: 291747   Dual objective     =       1951025.373753
Iteration: 293197   Dual objective     =       1951223.610424
Iteration: 294388   Dual objective     =       1951346.282885
Iteration: 295672   Dual objective     =       1951500.027909
Iteration: 296934   Dual objective     =       1951820.102404
Iteration: 298240   Dual objective     =       1951978.834059
Iteration: 299478   Dual objective     =       1952650.052254
Iteration: 300795   Dual objective     =       1952871.221222
Iteration: 302079   Dual objective     =       1953112.310531
Iteration: 303285   Dual objective     =       1953189.050725
Iteration: 304689   Dual objective     =       1953265.597400
Elapsed time = 122.83 sec. (50078.77 ticks, 305765 iterations)
Iteration: 305990   Dual objective     =       1953398.461455
Iteration: 307326   Dual objective     =       1953468.099290
Iteration: 308586   Dual objective     =       1953543.483739
Iteration: 309808   Dual objective     =       1953645.114986
Iteration: 310980   Dual objective     =       1953676.715274
Iteration: 312084   Dual objective     =       1953697.804293
Iteration: 313381   Dual objective     =       1953729.940152
Iteration: 314505   Dual objective     =       1953754.044837
Iteration: 315514   Dual objective     =       1953793.900127
Iteration: 316555   Dual objective     =       1953821.889518
Iteration: 317905   Dual objective     =       1953836.648651
Iteration: 319106   Dual objective     =       1953886.214589
Iteration: 320148   Dual objective     =       1953936.811593
Iteration: 321151   Dual objective     =       1953971.253805
Iteration: 322183   Dual objective     =       1953992.930563
Iteration: 323149   Dual objective     =       1953999.436194
Iteration: 323978   Dual objective     =       1954009.656837
Iteration: 324882   Dual objective     =       1954027.680223
Iteration: 325848   Dual objective     =       1954051.341101
Iteration: 326849   Dual objective     =       1954077.322614
Elapsed time = 152.83 sec. (60095.84 ticks, 327760 iterations)
Iteration: 327760   Dual objective     =       1954085.207279
Iteration: 328763   Dual objective     =       1954091.745817
Iteration: 330221   Dual objective     =       1954099.319091
Iteration: 331852   Dual objective     =       1954108.030341
Iteration: 332828   Dual objective     =       1954112.510778
Iteration: 333749   Dual objective     =       1954116.279754
Iteration: 335503   Dual objective     =       1954120.699219
Iteration: 336486   Dual objective     =       1954121.659000
Iteration: 336553   Scaled dual infeas =             0.000048
Iteration: 336604   Dual objective     =       1954119.789599
Removing shift (16196).
Iteration: 336787    Objective     =       1954034.303239
Iteration: 338059    Objective     =       1954033.676728
Iteration: 338333   Dual objective     =       1954033.617182

Dual simplex solved model.


Dual simplex - Optimal:  Objective =  1.9540336175e+06
Solution time =  168.22 sec.  Iterations = 338350 (51)
Deterministic time = 65680.37 ticks  (390.45 ticks/sec)

Version identifier: 22.1.2.0 | 2024-11-25 | 0edbb82fd
CPXPARAM_Threads                                 4
CPXPARAM_Parallel                                1
CPXPARAM_RandomSeed                              12345

Dual simplex - Optimal:  Objective =  1.9540336175e+06
Solution time =    0.02 sec.  Iterations = 338350 (51)
Deterministic time = 8.05 ticks  (502.82 ticks/sec)


Solution written to file 'C:\Users\luisfernando\Desktop\OSeMOSYS\OSTRAM_latest\t1_confection\Executables\B_Optimised_VRE_0\Pre_processed_B_Optimised_VRE_0_OpenBCK_RMCarefulXLSX_output.feasopt.sol'.

Solution written to file 'C:\Users\luisfernando\Desktop\OSeMOSYS\OSTRAM_latest\t1_confection\Executables\B_Optimised_VRE_0\Pre_processed_B_Optimised_VRE_0_OpenBCK_RMCarefulXLSX_output.sol'.

Log started (V22.1.2.0) Tue May 26 14:05:03 2026


Problem 'C:\Users\luisfernando\Desktop\OSeMOSYS\OSTRAM_latest\t1_confection\Executables\B_Optimised_VRE_0\Pre_processed_B_Optimised_VRE_0_OpenBCK_RMCarefulXLSX_output.lp' read.
Read time = 3.66 sec. (120.29 ticks)
New value for default parallel thread count: 4
New value for seed to initialize the random number generator: 12345
New value for parallel optimization mode: 1
Version identifier: 22.1.2.0 | 2024-11-25 | 0edbb82fd
CPXPARAM_Threads                                 4
CPXPARAM_Parallel                                1
CPXPARAM_RandomSeed                              12345
Parallel mode: deterministic, using up to 4 threads for concurrent optimization:
 * Starting dual Simplex on 1 thread...
 * Starting Barrier on 3 threads...
Tried aggregator 1 time.
LP Presolve eliminated 320219 rows and 201403 columns.
Aggregator did 25800 substitutions.
Reduced LP has 234116 rows, 170733 columns, and 3698510 nonzeros.
Presolve time = 1.84 sec. (1363.87 ticks)
Initializing dual steep norms . . .

Iteration log . . .
Iteration:     1   Dual objective     =        238869.536246
Iteration:   836   Dual objective     =        238891.819954
Iteration:  1862   Dual objective     =        238925.591907
Iteration:  3167   Dual objective     =        238970.281138
Iteration:  4359   Dual objective     =        239001.935374
Iteration:  5605   Dual objective     =        239034.725155
Perturbation started.
Iteration:  5757   Dual objective     =        239034.725155
Iteration:  7082   Dual objective     =        239108.146905
Iteration:  8425   Dual objective     =        239502.586629
Iteration:  9635   Dual objective     =        240656.655214
Iteration: 11009   Dual objective     =        243745.167755
Iteration: 12254   Dual objective     =        251213.535901
Iteration: 13481   Dual objective     =        278111.209510
Iteration: 14724   Dual objective     =        280825.065644
Iteration: 15927   Dual objective     =        285611.965668
Iteration: 17023   Dual objective     =        291393.206526
Iteration: 18079   Dual objective     =        293852.601236
Iteration: 19247   Dual objective     =        297779.786232
Iteration: 20381   Dual objective     =        302533.374354
Iteration: 21471   Dual objective     =        307640.806295
Iteration: 22601   Dual objective     =        312963.231991
Iteration: 23754   Dual objective     =        316267.768590
Iteration: 24844   Dual objective     =        364181.005147
Iteration: 25841   Dual objective     =        367071.200629
Iteration: 26849   Dual objective     =        369346.845889
Iteration: 27857   Dual objective     =        370492.329140
Iteration: 28955   Dual objective     =        372471.392867
Iteration: 29939   Dual objective     =        376610.445298
Iteration: 30732   Dual objective     =        379776.657834
Iteration: 31646   Dual objective     =        390941.808980
Iteration: 32578   Dual objective     =        395684.571374
Iteration: 33511   Dual objective     =        403170.817786
Iteration: 34440   Dual objective     =        411233.262616
Iteration: 35446   Dual objective     =        417165.674563
Iteration: 36362   Dual objective     =        419073.126093
Iteration: 37381   Dual objective     =        430918.783273
Iteration: 38302   Dual objective     =        436316.243649
Iteration: 39212   Dual objective     =        441825.839804
Iteration: 40195   Dual objective     =        450116.125812
Iteration: 41099   Dual objective     =        455432.434204
Iteration: 41973   Dual objective     =        459766.820764
Iteration: 42813   Dual objective     =        469048.187537
Iteration: 43699   Dual objective     =        477157.277407
Iteration: 44657   Dual objective     =        479389.078937
Iteration: 45598   Dual objective     =        481589.364902
Iteration: 46413   Dual objective     =        486534.556687
Iteration: 47230   Dual objective     =        493953.724620
Iteration: 48133   Dual objective     =        504214.789676
Iteration: 49027   Dual objective     =        509219.062706
Iteration: 49924   Dual objective     =        513757.979543
Iteration: 50859   Dual objective     =        525589.708622
Iteration: 51593   Dual objective     =        537896.041084
Iteration: 52490   Dual objective     =        545848.643636
Iteration: 53223   Dual objective     =        551974.101833
Iteration: 54724   Dual objective     =        571461.446205
Iteration: 55696   Dual objective     =        582326.268142
Iteration: 56589   Dual objective     =        585886.419999
Iteration: 57463   Dual objective     =        599656.517420
Iteration: 58427   Dual objective     =        614212.456997
Iteration: 59421   Dual objective     =        621686.277787
Iteration: 60310   Dual objective     =        630037.710689
Iteration: 61199   Dual objective     =        636466.391261
Iteration: 62231   Dual objective     =        644675.437120
Iteration: 63094   Dual objective     =        650203.164833
Iteration: 64001   Dual objective     =        657726.107061
Iteration: 65010   Dual objective     =        661167.879422
Iteration: 65846   Dual objective     =        665833.020618
Iteration: 66463   Dual objective     =        671991.883999
Iteration: 67979   Dual objective     =        681251.172691
Iteration: 68952   Dual objective     =        697973.874854
Iteration: 69976   Dual objective     =        705057.577549
Iteration: 70909   Dual objective     =        709074.050146
Iteration: 71761   Dual objective     =        715771.596103
Iteration: 72614   Dual objective     =        719636.547593
Iteration: 73532   Dual objective     =        727295.957405
Iteration: 74331   Dual objective     =        734191.300045
Iteration: 75351   Dual objective     =        757304.089036
Iteration: 76227   Dual objective     =        762922.224482
Iteration: 77237   Dual objective     =        773134.946654
Iteration: 78367   Dual objective     =        779264.233760
Iteration: 79426   Dual objective     =        789366.694436
Iteration: 80468   Dual objective     =        801622.411061
Iteration: 81440   Dual objective     =        811100.349916
Iteration: 82508   Dual objective     =        823107.621315
Iteration: 83472   Dual objective     =        837728.685439
Iteration: 84514   Dual objective     =        843773.629521
Iteration: 85581   Dual objective     =        869189.202273
Iteration: 86626   Dual objective     =        875789.846116
Iteration: 87641   Dual objective     =        891214.557799
Iteration: 88825   Dual objective     =        910080.402729
Iteration: 89946   Dual objective     =        920060.628041
Iteration: 90921   Dual objective     =        966746.975037
Iteration: 91765   Dual objective     =       1001280.607318
Iteration: 92761   Dual objective     =       1021160.712289
Iteration: 93492   Dual objective     =       1037273.159205
Elapsed time = 14.25 sec. (10000.90 ticks, 94332 iterations)
Iteration: 94351   Dual objective     =       1063532.116025
Iteration: 95272   Dual objective     =       1074845.758613
Markowitz threshold set to 0.1
Iteration: 95775   Dual objective     =       1085543.380265
Iteration: 96953   Dual objective     =       1092970.406073
Iteration: 98145   Dual objective     =       1100553.816847
Iteration: 99411   Dual objective     =       1105079.020796
Iteration: 100673   Dual objective     =       1113701.927611
Iteration: 101797   Dual objective     =       1122462.342807
Iteration: 102971   Dual objective     =       1129544.431509
Iteration: 104245   Dual objective     =       1138496.705629
Iteration: 105429   Dual objective     =       1150093.239698
Iteration: 106642   Dual objective     =       1157465.637459
Iteration: 107981   Dual objective     =       1162484.615852
Iteration: 109163   Dual objective     =       1168790.199494
Iteration: 110302   Dual objective     =       1176104.872435
Iteration: 111467   Dual objective     =       1183009.699816
Iteration: 112735   Dual objective     =       1190834.330453
Iteration: 113926   Dual objective     =       1196483.201554
Iteration: 114998   Dual objective     =       1205434.639268
Iteration: 116153   Dual objective     =       1215522.922383
Iteration: 117332   Dual objective     =       1228289.657889
Iteration: 118643   Dual objective     =       1240839.272225
Iteration: 119904   Dual objective     =       1252522.685081
Iteration: 121076   Dual objective     =       1266844.640681
Iteration: 122399   Dual objective     =       1272409.080781
Iteration: 123743   Dual objective     =       1280907.364485
Iteration: 125029   Dual objective     =       1289182.135861
Iteration: 126319   Dual objective     =       1298199.463341
Iteration: 127585   Dual objective     =       1306382.264644
Iteration: 128868   Dual objective     =       1319945.605695
Iteration: 130133   Dual objective     =       1328777.949570
Iteration: 131510   Dual objective     =       1339383.780227
Iteration: 132844   Dual objective     =       1348019.937273
Iteration: 134142   Dual objective     =       1357873.799599
Iteration: 135556   Dual objective     =       1367350.235293
Iteration: 136962   Dual objective     =       1378512.695772
Iteration: 138233   Dual objective     =       1395608.181900
Iteration: 139363   Dual objective     =       1406055.140410
Iteration: 140650   Dual objective     =       1420208.961712
Iteration: 142195   Dual objective     =       1437528.605148
Iteration: 143162   Dual objective     =       1460627.882267
Iteration: 144367   Dual objective     =       1486810.133914
Iteration: 145525   Dual objective     =       1497897.127435
Iteration: 146852   Dual objective     =       1520527.877548
Iteration: 147932   Dual objective     =       1530885.932818
Iteration: 149185   Dual objective     =       1539398.876478
Iteration: 150242   Dual objective     =       1554411.830817
Iteration: 151425   Dual objective     =       1567721.151915
Iteration: 152717   Dual objective     =       1578848.362642
Iteration: 153771   Dual objective     =       1587233.368740
Iteration: 155064   Dual objective     =       1590623.075596
Iteration: 156558   Dual objective     =       1608307.515881
Iteration: 157963   Dual objective     =       1627046.355862
Iteration: 159244   Dual objective     =       1643463.304505
Iteration: 160563   Dual objective     =       1657059.000348
Iteration: 161715   Dual objective     =       1662135.425751
Elapsed time = 36.66 sec. (20011.49 ticks, 162757 iterations)
Iteration: 162757   Dual objective     =       1671327.770330
Iteration: 163736   Dual objective     =       1684993.133320
Iteration: 164939   Dual objective     =       1699676.418263
Iteration: 166033   Dual objective     =       1703773.510237
Iteration: 167014   Dual objective     =       1713556.855129
Iteration: 168302   Dual objective     =       1733032.134475
Iteration: 169564   Dual objective     =       1750177.467733
Iteration: 170689   Dual objective     =       1755236.353731
Iteration: 171972   Dual objective     =       1767603.824882
Iteration: 173015   Dual objective     =       1774117.073773
Iteration: 174359   Dual objective     =       1789355.969103
Iteration: 175609   Dual objective     =       1799358.449163
Iteration: 176721   Dual objective     =       1802436.701147
Iteration: 177904   Dual objective     =       1808815.937541
Iteration: 179030   Dual objective     =       1815337.144732
Iteration: 180143   Dual objective     =       1821218.750951
Iteration: 181366   Dual objective     =       1827370.339990
Iteration: 182575   Dual objective     =       1836617.237827
Iteration: 183694   Dual objective     =       1838905.008114
Iteration: 184651   Dual objective     =       1842266.075160
Iteration: 185770   Dual objective     =       1845386.731796
Iteration: 187051   Dual objective     =       1851733.739225
Iteration: 188299   Dual objective     =       1861874.647542
Iteration: 189593   Dual objective     =       1865700.314734
Iteration: 190786   Dual objective     =       1873048.777746
Iteration: 191727   Dual objective     =       1876783.931485
Iteration: 193039   Dual objective     =       1886204.299428
Iteration: 194154   Dual objective     =       1890766.552452
Iteration: 195334   Dual objective     =       1894096.601615
Iteration: 196538   Dual objective     =       1896323.094968
Iteration: 197783   Dual objective     =       1898794.501164
Iteration: 199187   Dual objective     =       1902987.967792
Iteration: 200501   Dual objective     =       1905774.108809
Iteration: 201665   Dual objective     =       1908271.352274
Iteration: 202798   Dual objective     =       1914621.999659
Iteration: 204023   Dual objective     =       1916781.575045
Iteration: 205301   Dual objective     =       1922916.308013
Iteration: 206569   Dual objective     =       1923521.051159
Iteration: 207754   Dual objective     =       1924581.617135
Iteration: 208859   Dual objective     =       1928177.910905
Iteration: 210239   Dual objective     =       1929449.654014
Iteration: 211469   Dual objective     =       1930161.321922
Iteration: 212662   Dual objective     =       1931235.190238
Iteration: 213856   Dual objective     =       1936282.777251
Elapsed time = 60.62 sec. (30012.48 ticks, 214673 iterations)
Iteration: 215038   Dual objective     =       1939073.220476
Iteration: 216395   Dual objective     =       1942087.682817
Iteration: 217574   Dual objective     =       1943114.306623
Iteration: 218097   Dual objective     =       1943401.336114
Iteration: 219402   Dual objective     =       1944319.806947
Iteration: 220889   Dual objective     =       1945538.119930
Iteration: 221974   Dual objective     =       1947910.075075
Iteration: 222839   Dual objective     =       1949078.158833
Iteration: 224008   Dual objective     =       1949668.407780
Iteration: 225160   Dual objective     =       1950351.280581
Iteration: 226323   Dual objective     =       1950983.481036
Iteration: 227431   Dual objective     =       1951549.253743
Iteration: 228694   Dual objective     =       1952437.902301
Iteration: 229919   Dual objective     =       1955207.405589
Iteration: 231141   Dual objective     =       1956123.664115
Iteration: 232249   Dual objective     =       1956942.356261
Iteration: 233353   Dual objective     =       1957855.120670
Iteration: 234380   Dual objective     =       1958729.078816
Iteration: 234892   Dual objective     =       1961002.953710
Iteration: 236105   Dual objective     =       1962926.340886
Iteration: 237279   Dual objective     =       1963435.307675
Iteration: 238559   Dual objective     =       1964242.756260
Iteration: 239923   Dual objective     =       1964852.713115
Iteration: 241111   Dual objective     =       1965174.250794
Iteration: 242487   Dual objective     =       1966737.494448
Iteration: 243616   Dual objective     =       1967198.342969
Iteration: 245083   Dual objective     =       1967947.624470
Iteration: 246452   Dual objective     =       1968448.651353
Iteration: 247701   Dual objective     =       1969352.947805
Iteration: 248766   Dual objective     =       1971342.929783
Iteration: 250051   Dual objective     =       1971715.473269
Iteration: 251301   Dual objective     =       1972265.715314
Iteration: 252503   Dual objective     =       1973100.265934
Iteration: 253612   Dual objective     =       1973452.836505
Elapsed time = 87.56 sec. (40012.57 ticks, 254130 iterations)
Iteration: 254812   Dual objective     =       1973808.048466
Iteration: 256087   Dual objective     =       1974073.301386
Iteration: 257313   Dual objective     =       1974588.102269
Iteration: 258562   Dual objective     =       1974990.180635
Iteration: 259651   Dual objective     =       1975165.113881
Iteration: 260840   Dual objective     =       1975365.698746
Iteration: 262167   Dual objective     =       1975509.936696
Iteration: 263247   Dual objective     =       1975700.953185
Iteration: 264514   Dual objective     =       1975916.486691
Iteration: 265725   Dual objective     =       1976014.589087
Iteration: 266865   Dual objective     =       1976595.097557
Iteration: 268130   Dual objective     =       1976700.339130
Iteration: 269336   Dual objective     =       1976868.030965
Iteration: 270294   Dual objective     =       1976958.508112
Iteration: 271356   Dual objective     =       1977072.653515
Iteration: 272426   Dual objective     =       1977198.909695
Iteration: 273506   Dual objective     =       1977336.021474
Iteration: 274547   Dual objective     =       1977443.331991
Iteration: 275568   Dual objective     =       1977506.379843
Iteration: 276493   Dual objective     =       1977539.244550
Iteration: 277399   Dual objective     =       1977560.990315
Iteration: 278419   Dual objective     =       1977587.016249
Iteration: 279334   Dual objective     =       1977632.920339
Elapsed time = 118.86 sec. (50014.74 ticks, 280074 iterations)
Iteration: 280222   Dual objective     =       1977680.030837
Iteration: 281202   Dual objective     =       1977729.431862
Iteration: 282083   Dual objective     =       1977766.648406
Iteration: 283249   Dual objective     =       1977800.118268
Iteration: 284484   Dual objective     =       1977814.142260
Iteration: 285852   Dual objective     =       1977835.992850
Iteration: 286935   Dual objective     =       1977859.687139
Iteration: 287961   Dual objective     =       1977869.910451
Iteration: 288371   Dual objective     =       1977872.855148
Iteration: 289377   Dual objective     =       1977887.680340
Iteration: 290564   Dual objective     =       1977898.249362
Iteration: 292075   Dual objective     =       1977905.069648
Iteration: 293658   Dual objective     =       1977910.785125
Iteration: 295454   Dual objective     =       1977913.215731
Removing perturbation.
Iteration: 295746    Objective     =       1977892.567502
Iteration: 295832   Dual infeasibility =             0.000148
Iteration: 296545   Dual objective     =       1977864.360716
Iteration: 297590   Dual objective     =       1977892.017453
Iteration: 298689   Dual objective     =       1977892.089064
Iteration: 299658   Dual objective     =       1977892.165526
Iteration: 300613   Dual objective     =       1977892.216355
Perturbation started.
Iteration: 301090   Dual objective     =       1977892.235242
Elapsed time = 144.34 sec. (60015.56 ticks, 301453 iterations)
Iteration: 302153   Dual objective     =       1977892.354149
Iteration: 303155   Dual objective     =       1977892.449556
Removing perturbation.

Dual simplex solved model.


Maximum unscaled reduced-cost infeasibility = 4.75242e-05.

Dual simplex - Optimal:  Objective =  1.9778925675e+06
Solution time =  148.97 sec.  Iterations = 303246 (713)
Deterministic time = 62023.65 ticks  (416.36 ticks/sec)

Version identifier: 22.1.2.0 | 2024-11-25 | 0edbb82fd
CPXPARAM_Threads                                 4
CPXPARAM_Parallel                                1
CPXPARAM_RandomSeed                              12345

Maximum unscaled reduced-cost infeasibility = 4.75242e-05.

Dual simplex - Optimal:  Objective =  1.9778925675e+06
Solution time =    0.00 sec.  Iterations = 303246 (713)
Deterministic time = 8.05 ticks  (8047.33 ticks/sec)


Solution written to file 'C:\Users\luisfernando\Desktop\OSeMOSYS\OSTRAM_latest\t1_confection\Executables\B_Optimised_VRE_0\Pre_processed_B_Optimised_VRE_0_OpenBCK_RMCarefulXLSX_output.feasopt.sol'.

Solution written to file 'C:\Users\luisfernando\Desktop\OSeMOSYS\OSTRAM_latest\t1_confection\Executables\B_Optimised_VRE_0\Pre_processed_B_Optimised_VRE_0_OpenBCK_RMCarefulXLSX_output.sol'.

Log started (V22.1.2.0) Tue May 26 15:19:40 2026


Problem 'C:\Users\luisfernando\Desktop\OSeMOSYS\OSTRAM_latest\t1_confection\Executables\B_Optimised_VRE_0\Pre_processed_B_Optimised_VRE_0_OpenBCK_RMCarefulXLSX_output.lp' read.
Read time = 3.84 sec. (120.29 ticks)
New value for default parallel thread count: 4
New value for seed to initialize the random number generator: 12345
New value for parallel optimization mode: 1
Version identifier: 22.1.2.0 | 2024-11-25 | 0edbb82fd
CPXPARAM_Threads                                 4
CPXPARAM_Parallel                                1
CPXPARAM_RandomSeed                              12345
Parallel mode: deterministic, using up to 4 threads for concurrent optimization:
 * Starting dual Simplex on 1 thread...
 * Starting Barrier on 3 threads...
Tried aggregator 1 time.
LP Presolve eliminated 320219 rows and 201435 columns.
Aggregator did 25800 substitutions.
Reduced LP has 234116 rows, 170701 columns, and 3688793 nonzeros.
Presolve time = 1.97 sec. (1356.70 ticks)
Initializing dual steep norms . . .

Iteration log . . .
Iteration:     1   Dual objective     =        238869.536246
Iteration:   838   Dual objective     =        238891.856984
Iteration:  1827   Dual objective     =        238929.579825
Iteration:  3125   Dual objective     =        239585.998925
Perturbation started.
Iteration:  3232   Dual objective     =        239589.441990
Iteration:  4516   Dual objective     =        241682.470295
Iteration:  5918   Dual objective     =        246076.247970
Iteration:  7175   Dual objective     =        247696.794935
Iteration:  8352   Dual objective     =        253362.587717
Iteration:  9495   Dual objective     =        256970.883871
Iteration: 10756   Dual objective     =        258335.741533
Iteration: 11977   Dual objective     =        265368.859896
Iteration: 13082   Dual objective     =        318997.299918
Iteration: 14326   Dual objective     =        327510.214040
Iteration: 15479   Dual objective     =        332515.978354
Iteration: 16497   Dual objective     =        336753.451115
Iteration: 17593   Dual objective     =        341494.339401
Iteration: 18791   Dual objective     =        345115.851164
Iteration: 19908   Dual objective     =        353091.127047
Iteration: 20967   Dual objective     =        354877.146222
Iteration: 22007   Dual objective     =        382892.504771
Iteration: 23122   Dual objective     =        386493.613524
Iteration: 24161   Dual objective     =        390437.118691
Iteration: 25107   Dual objective     =        393069.945308
Iteration: 26139   Dual objective     =        396528.031392
Iteration: 27075   Dual objective     =        397986.362140
Iteration: 28095   Dual objective     =        399687.532757
Iteration: 29101   Dual objective     =        406156.979337
Iteration: 30208   Dual objective     =        407324.605577
Iteration: 31217   Dual objective     =        409347.885982
Iteration: 32017   Dual objective     =        411115.159354
Iteration: 32822   Dual objective     =        416612.933430
Iteration: 33716   Dual objective     =        419119.136009
Iteration: 34563   Dual objective     =        422297.470670
Iteration: 35467   Dual objective     =        427305.548914
Iteration: 36361   Dual objective     =        434211.286753
Iteration: 37153   Dual objective     =        449040.167122
Iteration: 37928   Dual objective     =        458198.552798
Iteration: 38713   Dual objective     =        461425.992627
Iteration: 40149   Dual objective     =        470990.593543
Iteration: 41007   Dual objective     =        481897.434989
Iteration: 41997   Dual objective     =        484665.049308
Iteration: 42805   Dual objective     =        489009.200102
Iteration: 43678   Dual objective     =        495725.583488
Iteration: 44570   Dual objective     =        498099.531227
Iteration: 45463   Dual objective     =        503144.852628
Iteration: 46323   Dual objective     =        506029.048041
Iteration: 47254   Dual objective     =        517679.217864
Iteration: 48194   Dual objective     =        524977.128216
Iteration: 49174   Dual objective     =        531559.563507
Iteration: 50124   Dual objective     =        539494.160335
Iteration: 50986   Dual objective     =        551808.055307
Iteration: 51982   Dual objective     =        559666.445513
Iteration: 52919   Dual objective     =        569743.695764
Iteration: 53912   Dual objective     =        574105.251042
Iteration: 54762   Dual objective     =        581085.265249
Iteration: 55650   Dual objective     =        585751.993976
Iteration: 56480   Dual objective     =        591073.996535
Iteration: 57263   Dual objective     =        599990.473124
Iteration: 58288   Dual objective     =        606838.615229
Iteration: 59214   Dual objective     =        618317.452176
Iteration: 60407   Dual objective     =        625986.650292
Iteration: 61516   Dual objective     =        631323.404302
Iteration: 62547   Dual objective     =        642781.942761
Iteration: 63575   Dual objective     =        655556.920239
Iteration: 64647   Dual objective     =        661676.123984
Iteration: 65767   Dual objective     =        671989.189197
Iteration: 66825   Dual objective     =        677993.930025
Iteration: 67772   Dual objective     =        684062.118098
Iteration: 68839   Dual objective     =        692726.385565
Iteration: 69802   Dual objective     =        699594.754442
Iteration: 70812   Dual objective     =        714873.027129
Iteration: 71854   Dual objective     =        722160.285601
Iteration: 72908   Dual objective     =        737365.031018
Iteration: 73941   Dual objective     =        747477.362191
Iteration: 74925   Dual objective     =        761334.519260
Iteration: 75946   Dual objective     =        772881.637300
Iteration: 76825   Dual objective     =        784379.755907
Iteration: 77780   Dual objective     =        791607.223048
Iteration: 78797   Dual objective     =        799613.574099
Iteration: 79699   Dual objective     =        807860.695629
Iteration: 80756   Dual objective     =        815435.680822
Iteration: 81688   Dual objective     =        828189.689550
Iteration: 82663   Dual objective     =        843657.713280
Iteration: 83614   Dual objective     =        857774.604146
Iteration: 84681   Dual objective     =        881011.683374
Iteration: 85798   Dual objective     =        892001.837571
Iteration: 86917   Dual objective     =        903310.977455
Iteration: 87980   Dual objective     =        918490.170468
Iteration: 89080   Dual objective     =        936220.190627
Iteration: 90082   Dual objective     =        949491.941459
Iteration: 91218   Dual objective     =        963040.108191
Iteration: 92227   Dual objective     =        990398.200738
Iteration: 93225   Dual objective     =       1010294.705550
Iteration: 94282   Dual objective     =       1019044.932263
Iteration: 95523   Dual objective     =       1037464.818325
Iteration: 96728   Dual objective     =       1046241.266866
Iteration: 97807   Dual objective     =       1054767.872051
Iteration: 99009   Dual objective     =       1063762.628634
Iteration: 100193   Dual objective     =       1077150.842134
Elapsed time = 15.99 sec. (10007.63 ticks, 101374 iterations)
Iteration: 101374   Dual objective     =       1087783.889497
Iteration: 102653   Dual objective     =       1103730.213654
Iteration: 103793   Dual objective     =       1119328.120251
Iteration: 105016   Dual objective     =       1125495.441541
Iteration: 105830   Dual objective     =       1169210.662347
Iteration: 106567   Dual objective     =       1186056.288651
Iteration: 107490   Dual objective     =       1210299.652453
Iteration: 108598   Dual objective     =       1225292.026944
Iteration: 109656   Dual objective     =       1231224.782376
Iteration: 110951   Dual objective     =       1237474.800264
Iteration: 112067   Dual objective     =       1244432.119020
Iteration: 113186   Dual objective     =       1252309.513562
Iteration: 114287   Dual objective     =       1264244.287955
Iteration: 115043   Dual objective     =       1279644.625598
Iteration: 115952   Dual objective     =       1289957.164580
Iteration: 117063   Dual objective     =       1306663.786509
Iteration: 118260   Dual objective     =       1317379.072056
Iteration: 119435   Dual objective     =       1329219.594293
Iteration: 120665   Dual objective     =       1341522.484674
Iteration: 121916   Dual objective     =       1352268.132943
Iteration: 123221   Dual objective     =       1368650.223869
Iteration: 124472   Dual objective     =       1387329.001572
Iteration: 125701   Dual objective     =       1399226.232970
Iteration: 126951   Dual objective     =       1412331.894824
Iteration: 128189   Dual objective     =       1425527.278884
Iteration: 129397   Dual objective     =       1440906.437848
Iteration: 130797   Dual objective     =       1447696.551265
Iteration: 132040   Dual objective     =       1459754.948671
Iteration: 133312   Dual objective     =       1473739.554677
Iteration: 134566   Dual objective     =       1486724.015283
Iteration: 135698   Dual objective     =       1502211.703849
Iteration: 136645   Dual objective     =       1541673.493145
Iteration: 138058   Dual objective     =       1555458.378952
Iteration: 139221   Dual objective     =       1567157.978951
Iteration: 140404   Dual objective     =       1574964.966750
Iteration: 141769   Dual objective     =       1583641.699259
Iteration: 142887   Dual objective     =       1590865.501440
Iteration: 144140   Dual objective     =       1601749.740884
Iteration: 145244   Dual objective     =       1609894.136412
Iteration: 146571   Dual objective     =       1620699.445671
Iteration: 147676   Dual objective     =       1632588.806635
Iteration: 148897   Dual objective     =       1642706.420083
Iteration: 150221   Dual objective     =       1657834.206057
Iteration: 151432   Dual objective     =       1666351.867987
Iteration: 152677   Dual objective     =       1687837.471401
Iteration: 153800   Dual objective     =       1695608.962596
Iteration: 155035   Dual objective     =       1709637.235009
Iteration: 156357   Dual objective     =       1723059.864670
Iteration: 157573   Dual objective     =       1740267.525503
Iteration: 159007   Dual objective     =       1750216.168759
Elapsed time = 45.47 sec. (20007.68 ticks, 160187 iterations)
Iteration: 160201   Dual objective     =       1759176.700097
Iteration: 161199   Dual objective     =       1765030.763692
Iteration: 162452   Dual objective     =       1771983.342189
Iteration: 163823   Dual objective     =       1791851.847284
Iteration: 165114   Dual objective     =       1803921.403008
Iteration: 166561   Dual objective     =       1825376.450193
Iteration: 168086   Dual objective     =       1844951.562201
Iteration: 169207   Dual objective     =       1858610.923534
Iteration: 170661   Dual objective     =       1874945.436541
Iteration: 171982   Dual objective     =       1878632.471668
Iteration: 173227   Dual objective     =       1880892.396849
Iteration: 174157   Dual objective     =       1887480.655602
Iteration: 175063   Dual objective     =       1889568.550933
Iteration: 176277   Dual objective     =       1891351.510168
Markowitz threshold set to 0.1
Iteration: 176325   Dual objective     =       1891460.787438
Iteration: 177754   Dual objective     =       1921169.056849
Iteration: 179176   Dual objective     =       1937522.115609
Iteration: 180402   Dual objective     =       1946966.332143
Iteration: 181598   Dual objective     =       1954134.096196
Iteration: 182904   Dual objective     =       1958772.678134
Iteration: 184260   Dual objective     =       1968516.437782
Iteration: 185413   Dual objective     =       1971843.072153
Iteration: 186758   Dual objective     =       1975696.678537
Iteration: 188041   Dual objective     =       1978483.665378
Iteration: 189600   Dual objective     =       1989881.517066
Iteration: 190919   Dual objective     =       1991412.170950
Iteration: 192115   Dual objective     =       1992386.628982
Iteration: 193320   Dual objective     =       1996429.118738
Iteration: 194601   Dual objective     =       2000072.370156
Iteration: 196123   Dual objective     =       2005460.460991
Iteration: 197673   Dual objective     =       2008726.525996
Elapsed time = 76.11 sec. (30008.04 ticks, 198902 iterations)
Iteration: 198907   Dual objective     =       2013887.912823
Iteration: 200531   Dual objective     =       2017168.352744
Iteration: 201875   Dual objective     =       2018781.552299
Iteration: 203185   Dual objective     =       2020692.526768
Iteration: 204692   Dual objective     =       2022273.666842
Iteration: 206005   Dual objective     =       2023463.017449
Iteration: 207419   Dual objective     =       2025555.047539
Iteration: 208820   Dual objective     =       2029053.596127
Iteration: 210304   Dual objective     =       2032849.574201
Iteration: 211455   Dual objective     =       2034534.301671
Iteration: 212780   Dual objective     =       2036133.378364
Iteration: 214128   Dual objective     =       2037853.731442
Iteration: 215258   Dual objective     =       2038858.538112
Iteration: 216443   Dual objective     =       2040127.417445
Iteration: 217611   Dual objective     =       2040942.907988
Iteration: 218846   Dual objective     =       2041693.215776
Iteration: 219987   Dual objective     =       2043077.194176
Iteration: 221128   Dual objective     =       2044325.839652
Iteration: 222299   Dual objective     =       2046385.908588
Iteration: 223398   Dual objective     =       2047438.445277
Iteration: 224647   Dual objective     =       2048520.739263
Iteration: 225861   Dual objective     =       2049666.167796
Iteration: 227369   Dual objective     =       2052154.267769
Iteration: 228416   Dual objective     =       2052675.590714
Iteration: 229631   Dual objective     =       2053261.745603
Iteration: 229653   Dual objective     =       2053270.874022
Iteration: 230403   Dual objective     =       2054609.788679
Iteration: 231658   Dual objective     =       2060849.251923
Iteration: 232809   Dual objective     =       2069805.476813
Iteration: 234106   Dual objective     =       2078866.867471
Elapsed time = 107.86 sec. (40008.15 ticks, 235384 iterations)
Iteration: 235540   Dual objective     =       2101529.302117
Iteration: 237160   Dual objective     =       2125612.204856
Iteration: 238104   Dual objective     =       2137853.303449
Iteration: 239295   Dual objective     =       2146402.630672
Iteration: 240451   Dual objective     =       2149941.866512
Iteration: 241766   Dual objective     =       2152332.907683
Iteration: 243022   Dual objective     =       2157870.579387
Iteration: 244372   Dual objective     =       2159752.058362
Iteration: 245603   Dual objective     =       2160661.092337
Iteration: 246827   Dual objective     =       2162496.321184
Iteration: 247971   Dual objective     =       2163632.529519
Iteration: 249163   Dual objective     =       2164108.507650
Iteration: 250445   Dual objective     =       2164937.949312
Iteration: 251765   Dual objective     =       2169399.005863
Iteration: 253008   Dual objective     =       2180265.780827
Iteration: 254421   Dual objective     =       2182128.456091
Iteration: 255672   Dual objective     =       2182451.712884
Iteration: 256865   Dual objective     =       2183240.448906
Iteration: 258144   Dual objective     =       2183691.227562
Iteration: 259657   Dual objective     =       2184721.443255
Iteration: 260889   Dual objective     =       2184928.345671
Iteration: 262266   Dual objective     =       2185210.315206
Iteration: 263686   Dual objective     =       2185426.423499
Iteration: 264986   Dual objective     =       2185613.839147
Iteration: 266236   Dual objective     =       2185875.575899
Iteration: 267421   Dual objective     =       2185971.226282
Iteration: 268589   Dual objective     =       2186113.580510
Iteration: 269798   Dual objective     =       2186198.457790
Iteration: 271202   Dual objective     =       2186633.157342
Iteration: 272440   Dual objective     =       2186821.674874
Iteration: 273673   Dual objective     =       2186929.207719
Iteration: 274909   Dual objective     =       2187110.113060
Iteration: 276140   Dual objective     =       2187202.200314
Iteration: 277407   Dual objective     =       2187427.925144
Iteration: 278822   Dual objective     =       2187566.486138
Elapsed time = 134.56 sec. (50008.21 ticks, 279122 iterations)
Iteration: 280101   Dual objective     =       2187706.753107
Iteration: 281635   Dual objective     =       2187750.767386
Iteration: 283346   Dual objective     =       2187783.385446
Iteration: 284028   Dual objective     =       2187799.718977
Iteration: 285275   Dual objective     =       2187813.631926
Iteration: 286901   Dual objective     =       2187825.034265
Iteration: 287878   Dual objective     =       2187828.668680
Iteration: 289862   Dual objective     =       2187837.674292
Iteration: 291579   Dual objective     =       2187840.879676
Iteration: 291679   Dual objective     =       2187840.958354
Removing perturbation.
Iteration: 291842    Objective     =       2187820.722281

Dual simplex solved model.


Dual simplex - Optimal:  Objective =  2.1878207223e+06
Solution time =  140.53 sec.  Iterations = 291919 (0)
Deterministic time = 52933.61 ticks  (376.67 ticks/sec)

Version identifier: 22.1.2.0 | 2024-11-25 | 0edbb82fd
CPXPARAM_Threads                                 4
CPXPARAM_Parallel                                1
CPXPARAM_RandomSeed                              12345

Dual simplex - Optimal:  Objective =  2.1878207223e+06
Solution time =    0.02 sec.  Iterations = 291919 (0)
Deterministic time = 8.05 ticks  (502.96 ticks/sec)


Solution written to file 'C:\Users\luisfernando\Desktop\OSeMOSYS\OSTRAM_latest\t1_confection\Executables\B_Optimised_VRE_0\Pre_processed_B_Optimised_VRE_0_OpenBCK_RMCarefulXLSX_output.feasopt.sol'.

Solution written to file 'C:\Users\luisfernando\Desktop\OSeMOSYS\OSTRAM_latest\t1_confection\Executables\B_Optimised_VRE_0\Pre_processed_B_Optimised_VRE_0_OpenBCK_RMCarefulXLSX_output.sol'.
