
Log started (V22.1.1.0) Tue May 19 15:57:17 2026


Problem 'C:\Users\ClimateLeadGroup\Desktop\CLG_repositories\OSTRAM\t1_confection\Executables\A_Calibrated_BAU_0\Pre_processed_A_Calibrated_BAU_0_NoStorage_OpenBCK_RMCarefulXLSX_output.lp' read.
Read time = 5.06 sec. (100.51 ticks)
New value for default parallel thread count: 4
New value for seed to initialize the random number generator: 12345
New value for parallel optimization mode: 1
Version identifier: 22.1.1.0 | 2022-11-27 | 9160aff4d
CPXPARAM_Threads                                 4
CPXPARAM_Parallel                                1
CPXPARAM_RandomSeed                              12345
Parallel mode: deterministic, using up to 4 threads for concurrent optimization:
 * Starting dual Simplex on 1 thread...
 * Starting Barrier on 3 threads...
Tried aggregator 1 time.
LP Presolve eliminated 248008 rows and 219448 columns.
Reduced LP has 174425 rows, 143768 columns, and 2593710 nonzeros.
Presolve time = 0.98 sec. (1022.85 ticks)

Iteration log . . .
Iteration:     1   Dual objective     =        238685.784285
Iteration:  1242   Dual objective     =        238933.071956
Iteration:  2243   Dual objective     =        239779.629906
Iteration:  3106   Dual objective     =        243730.653727
Iteration:  4081   Dual objective     =        255204.078607
Iteration:  4954   Dual objective     =        265447.386018
Iteration:  6032   Dual objective     =        269338.248370
Iteration:  7099   Dual objective     =        281905.926999
Iteration:  8251   Dual objective     =        300520.764529
Iteration:  9294   Dual objective     =        307473.119882
Iteration: 10209   Dual objective     =        317792.243530
Iteration: 11230   Dual objective     =        339164.884332
Iteration: 12167   Dual objective     =        349847.462378
Iteration: 13272   Dual objective     =        356318.306575
Iteration: 14359   Dual objective     =        367883.853674
Iteration: 15353   Dual objective     =        381126.868668
Iteration: 16435   Dual objective     =        387949.705529
Iteration: 17542   Dual objective     =        402043.158888
Iteration: 18669   Dual objective     =        416710.933489
Iteration: 19692   Dual objective     =        424600.737901
Iteration: 20782   Dual objective     =        428344.669387
Iteration: 21837   Dual objective     =        450236.187914
Iteration: 22995   Dual objective     =        487158.888895
Iteration: 24015   Dual objective     =        499580.005624
Iteration: 25131   Dual objective     =        508630.246116
Iteration: 26227   Dual objective     =        517476.825194
Iteration: 27278   Dual objective     =        523495.102658
Iteration: 28320   Dual objective     =        533830.061310
Iteration: 29264   Dual objective     =        542617.753086
Iteration: 30300   Dual objective     =        553400.796891
Iteration: 31337   Dual objective     =        562198.595761
Iteration: 32388   Dual objective     =        581113.260314
Iteration: 33367   Dual objective     =        595060.582488
Iteration: 34430   Dual objective     =        604532.120153
Iteration: 35471   Dual objective     =        626473.985012
Iteration: 36496   Dual objective     =        635064.802739
Iteration: 37521   Dual objective     =        646377.580761
Iteration: 38550   Dual objective     =        654938.949310
Iteration: 39563   Dual objective     =        662477.415708
Iteration: 40606   Dual objective     =        674734.754443
Iteration: 41671   Dual objective     =        685858.871301
Iteration: 42732   Dual objective     =        702621.966715
Iteration: 43810   Dual objective     =        716260.749832
Iteration: 44665   Dual objective     =        728337.565520
Iteration: 45650   Dual objective     =        749025.932765
Iteration: 46707   Dual objective     =        905141.409584
Iteration: 47760   Dual objective     =        925207.599791
Iteration: 48841   Dual objective     =        939358.604300
Iteration: 49832   Dual objective     =        957691.982807
Iteration: 50897   Dual objective     =        969727.239960
Iteration: 51835   Dual objective     =        981843.701164
Iteration: 52839   Dual objective     =       1010067.938795
Iteration: 53877   Dual objective     =       1032992.232158
Iteration: 54887   Dual objective     =       1053367.977259
Iteration: 55902   Dual objective     =       1076043.014057
Iteration: 56971   Dual objective     =       1094294.077195
Iteration: 57974   Dual objective     =       1122032.210188
Iteration: 59080   Dual objective     =       1145133.919826
Iteration: 60138   Dual objective     =       1163909.771797
Iteration: 61238   Dual objective     =       1184326.212195
Iteration: 62329   Dual objective     =       1214569.945143
Iteration: 63433   Dual objective     =       1235578.984066
Iteration: 64550   Dual objective     =       1257558.989335
Iteration: 65681   Dual objective     =       1285915.956770
Iteration: 66865   Dual objective     =       1314019.229692
Iteration: 67973   Dual objective     =       1343871.215469
Iteration: 69008   Dual objective     =       1373623.899974
Iteration: 70067   Dual objective     =       1404047.539236
Iteration: 71245   Dual objective     =       1450830.150738
Iteration: 72313   Dual objective     =       1472410.004231
Iteration: 73431   Dual objective     =       1494405.983620
Iteration: 74474   Dual objective     =       1506931.088979
Iteration: 75607   Dual objective     =       1525322.323591
Iteration: 76585   Dual objective     =       1548968.363294
Iteration: 77795   Dual objective     =       1569176.122814
Iteration: 79104   Dual objective     =       1589713.038389
Iteration: 80416   Dual objective     =       1616746.296661
Iteration: 81505   Dual objective     =       1636609.378496
Iteration: 82845   Dual objective     =       1657316.258075
Iteration: 84060   Dual objective     =       1667910.684706
Iteration: 85263   Dual objective     =       1672178.101916
Iteration: 86374   Dual objective     =       1679167.107249
Iteration: 87510   Dual objective     =       1689791.290830
Iteration: 88594   Dual objective     =       1705885.781524
Iteration: 89706   Dual objective     =       1718402.626995
Iteration: 91037   Dual objective     =       1728836.715970
Iteration: 92362   Dual objective     =       1745585.373564
Iteration: 93166   Dual objective     =       1749179.728062
Iteration: 94375   Dual objective     =       1758963.288993
Iteration: 95661   Dual objective     =       1775367.245880
Iteration: 97006   Dual objective     =       1797782.186707
Perturbation started.
Iteration: 97469   Dual objective     =       1810401.507027
Iteration: 98820   Dual objective     =       1816599.984025
Iteration: 99765   Dual objective     =       1819843.226342
Iteration: 100851   Dual objective     =       1831412.760304
Iteration: 102116   Dual objective     =       1834223.870972
Iteration: 103460   Dual objective     =       1839197.988655
Iteration: 104850   Dual objective     =       1858351.156539
Iteration: 106254   Dual objective     =       1878758.536634
Iteration: 107653   Dual objective     =       1891443.064302
Iteration: 109081   Dual objective     =       1903797.884801
Iteration: 110491   Dual objective     =       1916302.403140
Iteration: 112117   Dual objective     =       1925494.475856
Iteration: 113526   Dual objective     =       1931486.246512
Iteration: 115072   Dual objective     =       1942906.009084
Iteration: 116628   Dual objective     =       1967904.378207
Iteration: 118108   Dual objective     =       1980338.661060
Iteration: 119097   Dual objective     =       1983317.438803
Iteration: 120557   Dual objective     =       1990229.240058
Iteration: 121941   Dual objective     =       1997268.816896
Iteration: 123662   Dual objective     =       2002502.045529
Iteration: 125261   Dual objective     =       2014882.964979
Iteration: 126360   Dual objective     =       2019274.787460
Elapsed time = 14.42 sec. (10000.04 ticks, 127748 iterations)
Iteration: 127752   Dual objective     =       2028818.478038
Iteration: 129135   Dual objective     =       2031002.140139
Iteration: 130760   Dual objective     =       2041303.344385
Iteration: 132256   Dual objective     =       2046533.841837
Iteration: 134058   Dual objective     =       2052622.551655
Iteration: 135437   Dual objective     =       2059706.955260
Iteration: 136938   Dual objective     =       2066806.618266
Iteration: 138753   Dual objective     =       2071009.425948
Iteration: 140206   Dual objective     =       2072805.810723
Iteration: 141707   Dual objective     =       2077561.241331
Iteration: 142968   Dual objective     =       2078489.370975
Iteration: 144403   Dual objective     =       2079660.169973
Iteration: 145791   Dual objective     =       2084457.603473
Iteration: 147448   Dual objective     =       2088721.236127
Iteration: 148630   Dual objective     =       2090966.318333
Iteration: 150324   Dual objective     =       2095158.222396
Iteration: 151682   Dual objective     =       2096184.118803
Iteration: 153137   Dual objective     =       2098531.331341
Iteration: 154488   Dual objective     =       2099524.708753
Iteration: 155622   Dual objective     =       2100708.373245
Iteration: 157044   Dual objective     =       2102841.586631
Iteration: 158149   Dual objective     =       2103382.610093
Iteration: 159370   Dual objective     =       2103924.741053
Iteration: 160426   Dual objective     =       2104290.349922
Iteration: 161774   Dual objective     =       2105341.328589
Iteration: 162917   Dual objective     =       2106093.846366
Iteration: 164276   Dual objective     =       2107427.845266
Iteration: 165705   Dual objective     =       2108082.405306
Iteration: 167079   Dual objective     =       2108756.675651
Iteration: 168442   Dual objective     =       2111356.897541
Iteration: 169785   Dual objective     =       2111820.947253
Iteration: 171145   Dual objective     =       2112940.239213
Iteration: 172643   Dual objective     =       2113473.445093
Iteration: 173723   Dual objective     =       2114378.011159
Iteration: 174746   Dual objective     =       2115145.489777
Iteration: 175783   Dual objective     =       2115565.276660
Iteration: 176795   Dual objective     =       2115850.243767
Iteration: 177708   Dual objective     =       2116107.681681
Iteration: 178686   Dual objective     =       2116313.576706
Iteration: 179478   Dual objective     =       2116459.560220
Iteration: 180202   Dual objective     =       2116632.259783
Iteration: 181471   Dual objective     =       2117377.927978
Elapsed time = 37.59 sec. (20000.73 ticks, 182026 iterations)
Iteration: 182310   Dual objective     =       2117442.157885
Iteration: 182983   Dual objective     =       2117656.666055
Iteration: 183842   Dual objective     =       2117702.592659
Iteration: 184683   Dual objective     =       2117745.182691
Iteration: 185872   Dual objective     =       2118079.727850
Iteration: 187405   Dual objective     =       2118416.674267
Iteration: 188916   Dual objective     =       2118634.693376
Iteration: 190598   Dual objective     =       2118821.179186
Iteration: 191981   Dual objective     =       2118910.824639
Iteration: 193307   Dual objective     =       2118921.888280
Iteration: 194780   Dual objective     =       2118941.400575
Iteration: 196254   Dual objective     =       2118958.584090
Iteration: 197679   Dual objective     =       2118970.247642
Iteration: 199501   Dual objective     =       2118978.250327
Iteration: 201145   Dual objective     =       2118982.382021
Iteration: 203028   Dual objective     =       2118989.103367
Iteration: 204561   Dual objective     =       2118994.258189
Iteration: 206177   Dual objective     =       2118998.826992
Iteration: 207797   Dual objective     =       2119002.236292
Iteration: 209270   Dual objective     =       2119004.509957
Removing perturbation.
Iteration: 211009    Objective     =       2118998.458064

Dual simplex solved model.


Dual simplex - Optimal:  Objective =  2.1189984528e+06
Solution time =   50.70 sec.  Iterations = 211034 (0)
Deterministic time = 24132.31 ticks  (475.95 ticks/sec)

Version identifier: 22.1.1.0 | 2022-11-27 | 9160aff4d
CPXPARAM_Threads                                 4
CPXPARAM_Parallel                                1
CPXPARAM_RandomSeed                              12345

Dual simplex - Optimal:  Objective =  2.1189984528e+06
Solution time =    0.02 sec.  Iterations = 211034 (0)
Deterministic time = 6.63 ticks  (442.02 ticks/sec)


Solution written to file 'C:\Users\ClimateLeadGroup\Desktop\CLG_repositories\OSTRAM\t1_confection\Executables\A_Calibrated_BAU_0\Pre_processed_A_Calibrated_BAU_0_NoStorage_OpenBCK_RMCarefulXLSX_output.feasopt.sol'.

Solution written to file 'C:\Users\ClimateLeadGroup\Desktop\CLG_repositories\OSTRAM\t1_confection\Executables\A_Calibrated_BAU_0\Pre_processed_A_Calibrated_BAU_0_NoStorage_OpenBCK_RMCarefulXLSX_output.sol'.

Log started (V22.1.1.0) Thu May 21 08:54:29 2026


Problem 'C:\Users\ClimateLeadGroup\Desktop\CLG_repositories\OSTRAM\t1_confection\Executables\A_Calibrated_BAU_0\Pre_processed_A_Calibrated_BAU_0_NoStorage_OpenBCK_RMCarefulXLSX_output.lp' read.
Read time = 7.56 sec. (100.51 ticks)
New value for default parallel thread count: 4
New value for seed to initialize the random number generator: 12345
New value for parallel optimization mode: 1
Version identifier: 22.1.1.0 | 2022-11-27 | 9160aff4d
CPXPARAM_Threads                                 4
CPXPARAM_Parallel                                1
CPXPARAM_RandomSeed                              12345
Parallel mode: deterministic, using up to 4 threads for concurrent optimization:
 * Starting dual Simplex on 1 thread...
 * Starting Barrier on 3 threads...
Tried aggregator 1 time.
LP Presolve eliminated 248008 rows and 219448 columns.
Reduced LP has 174425 rows, 143768 columns, and 2593710 nonzeros.
Presolve time = 2.56 sec. (1022.85 ticks)

Iteration log . . .
Iteration:     1   Dual objective     =        238685.784285
Iteration:  1242   Dual objective     =        238933.071956
Iteration:  2243   Dual objective     =        239779.629906
Iteration:  3106   Dual objective     =        243730.653727
Iteration:  4081   Dual objective     =        255204.078607
Iteration:  4954   Dual objective     =        265447.386018
Iteration:  6032   Dual objective     =        269338.248370
Iteration:  7099   Dual objective     =        281905.926999
Iteration:  8251   Dual objective     =        300520.764529
Iteration:  9294   Dual objective     =        307473.119882
Iteration: 10209   Dual objective     =        317792.243530
Iteration: 11230   Dual objective     =        339164.884332
Iteration: 12167   Dual objective     =        349847.462378
Iteration: 13272   Dual objective     =        356318.306575
Iteration: 14359   Dual objective     =        367883.853674
Iteration: 15353   Dual objective     =        381126.868668
Iteration: 16435   Dual objective     =        387949.705529
Iteration: 17542   Dual objective     =        402043.158888
Iteration: 18669   Dual objective     =        416710.933489
Iteration: 19692   Dual objective     =        424600.737901
Iteration: 20782   Dual objective     =        428344.669387
Iteration: 21837   Dual objective     =        450236.187914
Iteration: 22995   Dual objective     =        487158.888895
Iteration: 24015   Dual objective     =        499580.005624
Iteration: 25131   Dual objective     =        508630.246116
Iteration: 26227   Dual objective     =        517476.825194
Iteration: 27278   Dual objective     =        523495.102658
Iteration: 28320   Dual objective     =        533830.061310
Iteration: 29264   Dual objective     =        542617.753086
Iteration: 30300   Dual objective     =        553400.796891
Iteration: 31337   Dual objective     =        562198.595761
Iteration: 32388   Dual objective     =        581113.260314
Iteration: 33367   Dual objective     =        595060.582488
Iteration: 34430   Dual objective     =        604532.120153
Iteration: 35471   Dual objective     =        626473.985012
Iteration: 36496   Dual objective     =        635064.802739
Iteration: 37521   Dual objective     =        646377.580761
Iteration: 38550   Dual objective     =        654938.949310
Iteration: 39563   Dual objective     =        662477.415708
Iteration: 40606   Dual objective     =        674734.754443
Iteration: 41671   Dual objective     =        685858.871301
Iteration: 42732   Dual objective     =        702621.966715
Iteration: 43810   Dual objective     =        716260.749832
Iteration: 44665   Dual objective     =        728337.565520
Iteration: 45650   Dual objective     =        749025.932765
Iteration: 46707   Dual objective     =        905141.409584
Iteration: 47760   Dual objective     =        925207.599791
Iteration: 48841   Dual objective     =        939358.604300
Iteration: 49832   Dual objective     =        957691.982807
Iteration: 50897   Dual objective     =        969727.239960
Iteration: 51835   Dual objective     =        981843.701164
Iteration: 52839   Dual objective     =       1010067.938795
Iteration: 53877   Dual objective     =       1032992.232158
Iteration: 54887   Dual objective     =       1053367.977259
Iteration: 55902   Dual objective     =       1076043.014057
Iteration: 56971   Dual objective     =       1094294.077195
Iteration: 57974   Dual objective     =       1122032.210188
Iteration: 59080   Dual objective     =       1145133.919826
Iteration: 60138   Dual objective     =       1163909.771797
Iteration: 61238   Dual objective     =       1184326.212195
Iteration: 62329   Dual objective     =       1214569.945143
Iteration: 63433   Dual objective     =       1235578.984066
Iteration: 64550   Dual objective     =       1257558.989335
Iteration: 65681   Dual objective     =       1285915.956770
Iteration: 66865   Dual objective     =       1314019.229692
Iteration: 67973   Dual objective     =       1343871.215469
Iteration: 69008   Dual objective     =       1373623.899974
Iteration: 70067   Dual objective     =       1404047.539236
Iteration: 71245   Dual objective     =       1450830.150738
Iteration: 72313   Dual objective     =       1472410.004231
Iteration: 73431   Dual objective     =       1494405.983620
Iteration: 74474   Dual objective     =       1506931.088979
Iteration: 75607   Dual objective     =       1525322.323591
Iteration: 76585   Dual objective     =       1548968.363294
Iteration: 77795   Dual objective     =       1569176.122814
Iteration: 79104   Dual objective     =       1589713.038389
Iteration: 80416   Dual objective     =       1616746.296661
Iteration: 81505   Dual objective     =       1636609.378496
Iteration: 82845   Dual objective     =       1657316.258075
Iteration: 84060   Dual objective     =       1667910.684706
Iteration: 85263   Dual objective     =       1672178.101916
Iteration: 86374   Dual objective     =       1679167.107249
Iteration: 87510   Dual objective     =       1689791.290830
Iteration: 88594   Dual objective     =       1705885.781524
Iteration: 89706   Dual objective     =       1718402.626995
Iteration: 91037   Dual objective     =       1728836.715970
Iteration: 92362   Dual objective     =       1745585.373564
Iteration: 93166   Dual objective     =       1749179.728062
Iteration: 94375   Dual objective     =       1758963.288993
Iteration: 95661   Dual objective     =       1775367.245880
Iteration: 97006   Dual objective     =       1797782.186707
Perturbation started.
Iteration: 97469   Dual objective     =       1810401.507027
Iteration: 98820   Dual objective     =       1816599.984025
Iteration: 99765   Dual objective     =       1819843.226342
Iteration: 100851   Dual objective     =       1831412.760304
Iteration: 102116   Dual objective     =       1834223.870972
Iteration: 103460   Dual objective     =       1839197.988655
Iteration: 104850   Dual objective     =       1858351.156539
Iteration: 106254   Dual objective     =       1878758.536634
Iteration: 107653   Dual objective     =       1891443.064302
Iteration: 109081   Dual objective     =       1903797.884801
Iteration: 110491   Dual objective     =       1916302.403140
Iteration: 112117   Dual objective     =       1925494.475856
Iteration: 113526   Dual objective     =       1931486.246512
Iteration: 115072   Dual objective     =       1942906.009084
Iteration: 116628   Dual objective     =       1967904.378207
Iteration: 118108   Dual objective     =       1980338.661060
Iteration: 119097   Dual objective     =       1983317.438803
Iteration: 120557   Dual objective     =       1990229.240058
Iteration: 121941   Dual objective     =       1997268.816896
Iteration: 123662   Dual objective     =       2002502.045529
Iteration: 125261   Dual objective     =       2014882.964979
Iteration: 126360   Dual objective     =       2019274.787460
Elapsed time = 32.75 sec. (10000.04 ticks, 127748 iterations)
Iteration: 127752   Dual objective     =       2028818.478038
Iteration: 129135   Dual objective     =       2031002.140139
Iteration: 130760   Dual objective     =       2041303.344385
Iteration: 132256   Dual objective     =       2046533.841837
Iteration: 134058   Dual objective     =       2052622.551655
Iteration: 135437   Dual objective     =       2059706.955260
Iteration: 136938   Dual objective     =       2066806.618266
Iteration: 138753   Dual objective     =       2071009.425948
Iteration: 140206   Dual objective     =       2072805.810723
Iteration: 141707   Dual objective     =       2077561.241331
Iteration: 142968   Dual objective     =       2078489.370975
Iteration: 144403   Dual objective     =       2079660.169973
Iteration: 145791   Dual objective     =       2084457.603473
Iteration: 147448   Dual objective     =       2088721.236127
Iteration: 148630   Dual objective     =       2090966.318333
Iteration: 150324   Dual objective     =       2095158.222396
Iteration: 151682   Dual objective     =       2096184.118803
Iteration: 153137   Dual objective     =       2098531.331341
Iteration: 154488   Dual objective     =       2099524.708753
Iteration: 155622   Dual objective     =       2100708.373245
Iteration: 157044   Dual objective     =       2102841.586631
Iteration: 158149   Dual objective     =       2103382.610093
Iteration: 159370   Dual objective     =       2103924.741053
Iteration: 160426   Dual objective     =       2104290.349922
Iteration: 161774   Dual objective     =       2105341.328589
Iteration: 162917   Dual objective     =       2106093.846366
Iteration: 164276   Dual objective     =       2107427.845266
Iteration: 165705   Dual objective     =       2108082.405306
Iteration: 167079   Dual objective     =       2108756.675651
Iteration: 168442   Dual objective     =       2111356.897541
Iteration: 169785   Dual objective     =       2111820.947253
Iteration: 171145   Dual objective     =       2112940.239213
Iteration: 172643   Dual objective     =       2113473.445093
Iteration: 173723   Dual objective     =       2114378.011159
Iteration: 174746   Dual objective     =       2115145.489777
Iteration: 175783   Dual objective     =       2115565.276660
Iteration: 176795   Dual objective     =       2115850.243767
Iteration: 177708   Dual objective     =       2116107.681681
Iteration: 178686   Dual objective     =       2116313.576706
Iteration: 179478   Dual objective     =       2116459.560220
Iteration: 180202   Dual objective     =       2116632.259783
Iteration: 181471   Dual objective     =       2117377.927978
Elapsed time = 78.11 sec. (20000.73 ticks, 182026 iterations)
Iteration: 182310   Dual objective     =       2117442.157885
Iteration: 182983   Dual objective     =       2117656.666055
Iteration: 183842   Dual objective     =       2117702.592659
Iteration: 184683   Dual objective     =       2117745.182691
Iteration: 185872   Dual objective     =       2118079.727850
Iteration: 187405   Dual objective     =       2118416.674267
Iteration: 188916   Dual objective     =       2118634.693376
Iteration: 190598   Dual objective     =       2118821.179186
Iteration: 191981   Dual objective     =       2118910.824639
Iteration: 193307   Dual objective     =       2118921.888280
Iteration: 194780   Dual objective     =       2118941.400575
Iteration: 196254   Dual objective     =       2118958.584090
Iteration: 197679   Dual objective     =       2118970.247642
Iteration: 199501   Dual objective     =       2118978.250327
Iteration: 201145   Dual objective     =       2118982.382021
Iteration: 203028   Dual objective     =       2118989.103367
Iteration: 204561   Dual objective     =       2118994.258189
Iteration: 206177   Dual objective     =       2118998.826992
Iteration: 207797   Dual objective     =       2119002.236292
Iteration: 209270   Dual objective     =       2119004.509957
Removing perturbation.
Iteration: 211009    Objective     =       2118998.458064

Dual simplex solved model.


Dual simplex - Optimal:  Objective =  2.1189984528e+06
Solution time =  101.80 sec.  Iterations = 211034 (0)
Deterministic time = 24132.31 ticks  (237.06 ticks/sec)

Version identifier: 22.1.1.0 | 2022-11-27 | 9160aff4d
CPXPARAM_Threads                                 4
CPXPARAM_Parallel                                1
CPXPARAM_RandomSeed                              12345

Dual simplex - Optimal:  Objective =  2.1189984528e+06
Solution time =    0.03 sec.  Iterations = 211034 (0)
Deterministic time = 6.63 ticks  (213.88 ticks/sec)


Solution written to file 'C:\Users\ClimateLeadGroup\Desktop\CLG_repositories\OSTRAM\t1_confection\Executables\A_Calibrated_BAU_0\Pre_processed_A_Calibrated_BAU_0_NoStorage_OpenBCK_RMCarefulXLSX_output.feasopt.sol'.

Solution written to file 'C:\Users\ClimateLeadGroup\Desktop\CLG_repositories\OSTRAM\t1_confection\Executables\A_Calibrated_BAU_0\Pre_processed_A_Calibrated_BAU_0_NoStorage_OpenBCK_RMCarefulXLSX_output.sol'.
